Archive member included to satisfy reference by file (symbol)

app/libapp.a(main.c.obj)      (--whole-archive)
app/libapp.a(can_gateway.c.obj)
                              (--whole-archive)
app/libapp.a(dbc_decoder.c.obj)
                              (--whole-archive)
app/libapp.a(safety_monitor.c.obj)
                              (--whole-archive)
app/libapp.a(diag_shell.c.obj)
                              (--whole-archive)
zephyr/libzephyr.a(heap.c.obj)
                              (--whole-archive)
zephyr/libzephyr.a(cbprintf_packaged.c.obj)
                              (--whole-archive)
zephyr/libzephyr.a(printk.c.obj)
                              (--whole-archive)
zephyr/libzephyr.a(sem.c.obj)
                              (--whole-archive)
zephyr/libzephyr.a(thread_entry.c.obj)
                              (--whole-archive)
zephyr/libzephyr.a(cbprintf_complete.c.obj)
                              (--whole-archive)
zephyr/libzephyr.a(assert.c.obj)
                              (--whole-archive)
zephyr/libzephyr.a(mpsc_pbuf.c.obj)
                              (--whole-archive)
zephyr/libzephyr.a(reboot.c.obj)
                              (--whole-archive)
zephyr/libzephyr.a(dec.c.obj)
                              (--whole-archive)
zephyr/libzephyr.a(hex.c.obj)
                              (--whole-archive)
zephyr/libzephyr.a(rb.c.obj)  (--whole-archive)
zephyr/libzephyr.a(timeutil.c.obj)
                              (--whole-archive)
zephyr/libzephyr.a(bitarray.c.obj)
                              (--whole-archive)
zephyr/libzephyr.a(ring_buffer.c.obj)
                              (--whole-archive)
zephyr/libzephyr.a(configs.c.obj)
                              (--whole-archive)
zephyr/libzephyr.a(stm32cube_hal.c.obj)
                              (--whole-archive)
zephyr/libzephyr.a(soc_config.c.obj)
                              (--whole-archive)
zephyr/libzephyr.a(soc.c.obj)
                              (--whole-archive)
zephyr/libzephyr.a(thread_analyzer.c.obj)
                              (--whole-archive)
zephyr/libzephyr.a(log_core.c.obj)
                              (--whole-archive)
zephyr/libzephyr.a(log_mgmt.c.obj)
                              (--whole-archive)
zephyr/libzephyr.a(log_cache.c.obj)
                              (--whole-archive)
zephyr/libzephyr.a(log_msg.c.obj)
                              (--whole-archive)
zephyr/libzephyr.a(log_output.c.obj)
                              (--whole-archive)
zephyr/libzephyr.a(mem_attr.c.obj)
                              (--whole-archive)
zephyr/libzephyr.a(tracing_none.c.obj)
                              (--whole-archive)
zephyr/libzephyr.a(kernel_service.c.obj)
                              (--whole-archive)
zephyr/libzephyr.a(device_service.c.obj)
                              (--whole-archive)
zephyr/libzephyr.a(devmem_service.c.obj)
                              (--whole-archive)
zephyr/libzephyr.a(shell_uart.c.obj)
                              (--whole-archive)
zephyr/libzephyr.a(shell.c.obj)
                              (--whole-archive)
zephyr/libzephyr.a(shell_fprintf.c.obj)
                              (--whole-archive)
zephyr/libzephyr.a(shell_utils.c.obj)
                              (--whole-archive)
zephyr/libzephyr.a(shell_ops.c.obj)
                              (--whole-archive)
zephyr/libzephyr.a(shell_log_backend.c.obj)
                              (--whole-archive)
zephyr/libzephyr.a(shell_help.c.obj)
                              (--whole-archive)
zephyr/libzephyr.a(shell_cmds.c.obj)
                              (--whole-archive)
zephyr/libzephyr.a(shell_history.c.obj)
                              (--whole-archive)
zephyr/libzephyr.a(shell_wildcard.c.obj)
                              (--whole-archive)
zephyr/arch/common/libarch__common.a(sw_isr_common.c.obj)
                              (--whole-archive)
zephyr/arch/arch/arm/core/libarch__arm__core.a(fatal.c.obj)
                              (--whole-archive)
zephyr/arch/arch/arm/core/libarch__arm__core.a(nmi.c.obj)
                              (--whole-archive)
zephyr/arch/arch/arm/core/libarch__arm__core.a(nmi_on_reset.S.obj)
                              (--whole-archive)
zephyr/arch/arch/arm/core/libarch__arm__core.a(tls.c.obj)
                              (--whole-archive)
zephyr/arch/arch/arm/core/cortex_m/libarch__arm__core__cortex_m.a(exc_exit.c.obj)
                              (--whole-archive)
zephyr/arch/arch/arm/core/cortex_m/libarch__arm__core__cortex_m.a(fault.c.obj)
                              (--whole-archive)
zephyr/arch/arch/arm/core/cortex_m/libarch__arm__core__cortex_m.a(fault_s.S.obj)
                              (--whole-archive)
zephyr/arch/arch/arm/core/cortex_m/libarch__arm__core__cortex_m.a(fpu.c.obj)
                              (--whole-archive)
zephyr/arch/arch/arm/core/cortex_m/libarch__arm__core__cortex_m.a(reset.S.obj)
                              (--whole-archive)
[...]
Memory Configuration

Name             Origin             Length             Attributes
FLASH            0x0000000008000000 0x0000000000100000 xr
RAM              0x0000000020010000 0x0000000000040000 xw
QSPI_PLACEHOLDER 0x0000000090000000 0x0000000010000000
SRAM0            0x0000000020010000 0x0000000000040000
DTCM             0x0000000020000000 0x0000000000010000
SDRAM1           0x00000000c0000000 0x0000000001000000
IDT_LIST         0x00000000ffff7fff 0x0000000000008000 xw
*default*        0x0000000000000000 0xffffffffffffffff

Linker script and memory map

                0x0000000008008ec4                vfprintf = __l_vfprintf
                0x0000000000000000                vfscanf = __l_vfscanf
LOAD zephyr/CMakeFiles/zephyr_pre0.dir/misc/empty_file.c.obj
LOAD zephyr/CMakeFiles/offsets.dir/./arch/arm/core/offsets/offsets.c.obj
LOAD app/libapp.a
LOAD zephyr/libzephyr.a
LOAD zephyr/arch/common/libarch__common.a
LOAD zephyr/arch/arch/arm/core/libarch__arm__core.a
LOAD zephyr/arch/arch/arm/core/cortex_m/libarch__arm__core__cortex_m.a
LOAD zephyr/arch/arch/arm/core/mpu/libarch__arm__core__mpu.a
LOAD zephyr/lib/libc/picolibc/liblib__libc__picolibc.a
LOAD zephyr/lib/libc/common/liblib__libc__common.a
LOAD zephyr/lib/posix/options/liblib__posix__options.a
LOAD zephyr/drivers/interrupt_controller/libdrivers__interrupt_controller.a
LOAD zephyr/drivers/can/libdrivers__can.a
LOAD zephyr/drivers/clock_control/libdrivers__clock_control.a
LOAD zephyr/drivers/console/libdrivers__console.a
LOAD zephyr/drivers/gpio/libdrivers__gpio.a
LOAD zephyr/drivers/pinctrl/libdrivers__pinctrl.a
LOAD zephyr/drivers/reset/libdrivers__reset.a
LOAD zephyr/drivers/serial/libdrivers__serial.a
LOAD zephyr/drivers/timer/libdrivers__timer.a
LOAD modules/stm32/stm32cube/lib..__modules__hal__stm32__stm32cube.a
LOAD zephyr/kernel/libkernel.a
LOAD d:/zephyr-sdk-0.16.8/arm-zephyr-eabi/bin/../lib/gcc/arm-zephyr-eabi/12.2.0/thumb/v7e-m/nofp\libgcc.a
LOAD zephyr/arch/common/libisr_tables.a
LOAD d:\zephyr-sdk-0.16.8\arm-zephyr-eabi\bin\../lib/gcc/../../picolibc/arm-zephyr-eabi/lib/thumb/v7e-m/nofp\libc.a
LOAD d:/zephyr-sdk-0.16.8/arm-zephyr-eabi/bin/../lib/gcc/arm-zephyr-eabi/12.2.0/thumb/v7e-m/nofp\libgcc.a
                0x0000000000000020                _region_min_align = 0x20

.rel.plt        0x0000000008000000        0x0
 *(SORT_BY_ALIGNMENT(.rel.plt))
                [!provide]                        PROVIDE (__rel_iplt_start = .)
 *(SORT_BY_ALIGNMENT(.rel.iplt))
 .rel.iplt      0x0000000008000000        0x0 app/libapp.a(main.c.obj)
                [!provide]                        PROVIDE (__rel_iplt_end = .)

.rela.plt       0x0000000000000000        0x0
 *(SORT_BY_ALIGNMENT(.rela.plt))
                [!provide]                        PROVIDE (__rela_iplt_start = .)
 *(SORT_BY_ALIGNMENT(.rela.iplt))
                [!provide]                        PROVIDE (__rela_iplt_end = .)

.rel.dyn
 *(SORT_BY_ALIGNMENT(.rel.*))

.rela.dyn
 *(SORT_BY_ALIGNMENT(.rela.*))

/DISCARD/
 *(SORT_BY_ALIGNMENT(.plt))

/DISCARD/
 *(SORT_BY_ALIGNMENT(.iplt))
                0x0000000008000000                __rom_region_start = 0x8000000

rom_start       0x0000000008000000      0x1c8
                0x0000000008000000                __rom_start_address = .
 FILL mask 0x00
                0x0000000008000000                . = (. + (0x0 - (. - __rom_start_address)))
                0x0000000008000000                . = ALIGN (0x4)
                0x0000000008000000                . = ALIGN (0x80)
                0x0000000008000000                . = ALIGN (0x200)
                0x0000000008000000                _vector_start = .
 *(SORT_BY_ALIGNMENT(.exc_vector_table))
 *(SORT_BY_ALIGNMENT(.exc_vector_table.*))
 .exc_vector_table._vector_table_section
                0x0000000008000000       0x40 zephyr/arch/arch/arm/core/cortex_m/libarch__arm__core__cortex_m.a(vector_table.S.obj)
                0x0000000008000000                _vector_table
 *(SORT_BY_ALIGNMENT(.vectors))
                0x00000000080001c8                _vector_end = .
                0x0000000008000040                . = ALIGN (0x4)
 *(SORT_BY_ALIGNMENT(.gnu.linkonce.irq_vector_table*))
 .gnu.linkonce.irq_vector_table
                0x0000000008000040      0x188 zephyr/arch/common/libisr_tables.a(isr_tables.c.obj)
                0x0000000008000040                _irq_vector_table
                0x00000000080001c8                _vector_end = .

text            0x00000000080001c8     0xc584
                0x00000000080001c8                __text_region_start = .
 *(SORT_BY_ALIGNMENT(.text))
 .text          0x00000000080001c8       0xa0 d:/zephyr-sdk-0.16.8/arm-zephyr-eabi/bin/../lib/gcc/arm-zephyr-eabi/12.2.0/thumb/v7e-m/nofp\libgcc.a(_aeabi_ldivmod.o)
                0x00000000080001c8                __aeabi_ldivmod
 .text          0x0000000008000268       0x30 d:/zephyr-sdk-0.16.8/arm-zephyr-eabi/bin/../lib/gcc/arm-zephyr-eabi/12.2.0/thumb/v7e-m/nofp\libgcc.a(_aeabi_uldivmod.o)
                0x0000000008000268                __aeabi_uldivmod
 .text          0x0000000008000298        0x4 d:/zephyr-sdk-0.16.8/arm-zephyr-eabi/bin/../lib/gcc/arm-zephyr-eabi/12.2.0/thumb/v7e-m/nofp\libgcc.a(_dvmd_tls.o)
                0x0000000008000298                __aeabi_idiv0
                0x0000000008000298                __aeabi_ldiv0
 .text          0x000000000800029c      0x2a0 d:/zephyr-sdk-0.16.8/arm-zephyr-eabi/bin/../lib/gcc/arm-zephyr-eabi/12.2.0/thumb/v7e-m/nofp\libgcc.a(_udivmoddi4.o)
                0x000000000800029c                __udivmoddi4
 .text          0x000000000800053c       0x14 d:\zephyr-sdk-0.16.8\arm-zephyr-eabi\bin\../lib/gcc/../../picolibc/arm-zephyr-eabi/lib/thumb/v7e-m/nofp\libc.a(strcmp.S.o)
                0x000000000800053c                strcmp
 .text          0x0000000008000550       0x10 d:\zephyr-sdk-0.16.8\arm-zephyr-eabi\bin\../lib/gcc/../../picolibc/arm-zephyr-eabi/lib/thumb/v7e-m/nofp\libc.a(strcpy.S.o)
                0x0000000008000550                strcpy
 .text          0x0000000008000560       0x10 d:\zephyr-sdk-0.16.8\arm-zephyr-eabi\bin\../lib/gcc/../../picolibc/arm-zephyr-eabi/lib/thumb/v7e-m/nofp\libc.a(strlen.S.o)
                0x0000000008000560                strlen
 *(SORT_BY_ALIGNMENT(.text.*))
 .text.cmd_kernel_uptime
                0x0000000008000570       0xe8 zephyr/libzephyr.a(kernel_service.c.obj)
 .text.safety_thread_entry
                0x0000000008000658       0x74 app/libapp.a(main.c.obj)
                0x0000000008000658                safety_thread_entry
 .text.can_worker_thread_entry
                0x00000000080006cc       0xd8 app/libapp.a(main.c.obj)
                0x00000000080006cc                can_worker_thread_entry
 .text.main     0x00000000080007a4       0xf0 app/libapp.a(main.c.obj)
                0x00000000080007a4                main
 .text.can_state_change_handler.part.0
                0x0000000008000894       0x24 app/libapp.a(can_gateway.c.obj)
 .text.can_state_change_handler
                0x00000000080008b8       0x3c app/libapp.a(can_gateway.c.obj)
 .text.can_gateway_init
                0x00000000080008f4      0x114 app/libapp.a(can_gateway.c.obj)
                0x00000000080008f4                can_gateway_init
 .text.can_gateway_send_frame
                0x0000000008000a08       0x30 app/libapp.a(can_gateway.c.obj)
                0x0000000008000a08                can_gateway_send_frame
 .text.dbc_decode_vehicle_frame
                0x0000000008000a38       0xe0 app/libapp.a(dbc_decoder.c.obj)
                0x0000000008000a38                dbc_decode_vehicle_frame
 .text.add_dtc_internal
                0x0000000008000b18       0x50 app/libapp.a(safety_monitor.c.obj)
 .text.k_mutex_unlock.constprop.0.isra.0
                0x0000000008000b68        0xc app/libapp.a(safety_monitor.c.obj)
 .text.safety_monitor_init
                0x0000000008000b74       0x1c app/libapp.a(safety_monitor.c.obj)
                0x0000000008000b74                safety_monitor_init
 .text.safety_monitor_update
                0x0000000008000b90       0x4c app/libapp.a(safety_monitor.c.obj)
                0x0000000008000b90                safety_monitor_update
 .text.safety_monitor_get_active_dtc
                0x0000000008000bdc       0x64 app/libapp.a(safety_monitor.c.obj)
                0x0000000008000bdc                safety_monitor_get_active_dtc
 .text.safety_monitor_clear_dtc
                0x0000000008000c40       0x50 app/libapp.a(safety_monitor.c.obj)
                0x0000000008000c40                safety_monitor_clear_dtc
 .text.safety_monitor_is_fault_active
                0x0000000008000c90       0x2c app/libapp.a(safety_monitor.c.obj)
                0x0000000008000c90                safety_monitor_is_fault_active
 .text.send_sim_frame
                0x0000000008000cbc       0xb8 app/libapp.a(diag_shell.c.obj)
 .text.cmd_dtc_clear
                0x0000000008000d74       0x1c app/libapp.a(diag_shell.c.obj)
 .text.cmd_dtc_read
                0x0000000008000d90       0x64 app/libapp.a(diag_shell.c.obj)
 .text.cmd_can_inject
                0x0000000008000df4       0x9c app/libapp.a(diag_shell.c.obj)
 .text.cmd_can_auto
                0x0000000008000e90       0x7c app/libapp.a(diag_shell.c.obj)
 .text.cmd_can_sim
                0x0000000008000f0c       0x54 app/libapp.a(diag_shell.c.obj)
 .text.cmd_vehicle_status
                0x0000000008000f60       0xbc app/libapp.a(diag_shell.c.obj)
 .text.sim_thread_entry
                0x000000000800101c       0x4c app/libapp.a(diag_shell.c.obj)
 .text.cbvprintf_package
                0x0000000008001068      0x3a4 zephyr/libzephyr.a(cbprintf_packaged.c.obj)
                0x0000000008001068                cbvprintf_package
 .text.cbprintf_package_convert
                0x000000000800140c      0x3c8 zephyr/libzephyr.a(cbprintf_packaged.c.obj)
                0x000000000800140c                cbprintf_package_convert
 .text.__printk_hook_install
                0x00000000080017d4        0xc zephyr/libzephyr.a(printk.c.obj)
                0x00000000080017d4                __printk_hook_install
 .text.z_thread_entry
                0x00000000080017e0       0x34 zephyr/libzephyr.a(thread_entry.c.obj)
                0x00000000080017e0                z_thread_entry
 .text.sys_reboot
                0x0000000008001814       0x2c zephyr/libzephyr.a(reboot.c.obj)
                0x0000000008001814                sys_reboot
 .text.st_stm32_common_config
                0x0000000008001840       0x14 zephyr/libzephyr.a(soc_config.c.obj)
 .text.st_stm32f7_init
                0x0000000008001854       0x28 zephyr/libzephyr.a(soc.c.obj)
 .text.thread_analyze_cb
                0x000000000800187c       0xd0 zephyr/libzephyr.a(thread_analyzer.c.obj)
 .text.thread_print_cb
                0x000000000800194c       0xa0 zephyr/libzephyr.a(thread_analyzer.c.obj)
 .text.thread_analyzer_run
                0x00000000080019ec       0x88 zephyr/libzephyr.a(thread_analyzer.c.obj)
                0x00000000080019ec                thread_analyzer_run
 .text.thread_analyzer_print
                0x0000000008001a74       0x2c zephyr/libzephyr.a(thread_analyzer.c.obj)
                0x0000000008001a74                thread_analyzer_print
 .text.thread_analyzer_auto
                0x0000000008001aa0       0x18 zephyr/libzephyr.a(thread_analyzer.c.obj)
                0x0000000008001aa0                thread_analyzer_auto
 .text.activate_foreach_backend
                0x0000000008001ab8       0x64 zephyr/libzephyr.a(log_core.c.obj)
 .text.enable_logger
                0x0000000008001b1c       0x5c zephyr/libzephyr.a(log_core.c.obj)
 .text.log_process_thread_timer_expiry_fn
                0x0000000008001b78        0xc zephyr/libzephyr.a(log_core.c.obj)
 .text.z_log_init
                0x0000000008001b84       0x8c zephyr/libzephyr.a(log_core.c.obj)
 .text.log_set_timestamp_func
                0x0000000008001c10       0x20 zephyr/libzephyr.a(log_core.c.obj)
                0x0000000008001c10                log_set_timestamp_func
 .text.z_log_notify_backend_enabled
                0x0000000008001c30       0x1c zephyr/libzephyr.a(log_core.c.obj)
                0x0000000008001c30                z_log_notify_backend_enabled
 .text.z_log_dropped
                0x0000000008001c4c       0x30 zephyr/libzephyr.a(log_core.c.obj)
                0x0000000008001c4c                z_log_dropped
 .text.z_log_dropped_read_and_clear
                0x0000000008001c7c       0x20 zephyr/libzephyr.a(log_core.c.obj)
                0x0000000008001c7c                z_log_dropped_read_and_clear
 .text.dropped_notify
                0x0000000008001c9c       0x30 zephyr/libzephyr.a(log_core.c.obj)
                0x0000000008001c9c                dropped_notify
 .text.z_log_msg_init
                0x0000000008001ccc       0x20 zephyr/libzephyr.a(log_core.c.obj)
                0x0000000008001ccc                z_log_msg_init
 .text.log_core_init
                0x0000000008001cec       0x38 zephyr/libzephyr.a(log_core.c.obj)
                0x0000000008001cec                log_core_init
 .text.z_log_msg_alloc
                0x0000000008001d24       0x10 zephyr/libzephyr.a(log_core.c.obj)
                0x0000000008001d24                z_log_msg_alloc
 .text.z_log_msg_local_claim
                0x0000000008001d34        0xc zephyr/libzephyr.a(log_core.c.obj)
                0x0000000008001d34                z_log_msg_local_claim
 .text.z_log_msg_free
                0x0000000008001d40       0x10 zephyr/libzephyr.a(log_core.c.obj)
                0x0000000008001d40                z_log_msg_free
 .text.z_log_msg_pending
                0x0000000008001d50        0xc zephyr/libzephyr.a(log_core.c.obj)
                0x0000000008001d50                z_log_msg_pending
 .text.z_impl_log_process
                0x0000000008001d5c       0xe4 zephyr/libzephyr.a(log_core.c.obj)
                0x0000000008001d5c                z_impl_log_process
 .text.z_impl_log_panic
                0x0000000008001e40       0x44 zephyr/libzephyr.a(log_core.c.obj)
                0x0000000008001e40                z_impl_log_panic
 .text.log_process_thread_func
                0x0000000008001e84       0xa4 zephyr/libzephyr.a(log_core.c.obj)
 .text.z_log_msg_post_finalize
                0x0000000008001f28       0x78 zephyr/libzephyr.a(log_core.c.obj)
 .text.z_log_msg_commit
                0x0000000008001fa0       0x24 zephyr/libzephyr.a(log_core.c.obj)
                0x0000000008001fa0                z_log_msg_commit
 .text.log_source_name_get
                0x0000000008001fc4       0x1c zephyr/libzephyr.a(log_mgmt.c.obj)
                0x0000000008001fc4                log_source_name_get
 .text.z_log_runtime_filters_init
                0x0000000008001fe0       0x3c zephyr/libzephyr.a(log_mgmt.c.obj)
                0x0000000008001fe0                z_log_runtime_filters_init
 .text.log_source_id_get
                0x000000000800201c       0x38 zephyr/libzephyr.a(log_mgmt.c.obj)
                0x000000000800201c                log_source_id_get
 .text.filter_set
                0x0000000008002054       0xbc zephyr/libzephyr.a(log_mgmt.c.obj)
                0x0000000008002054                filter_set
 .text.backend_filter_set
                0x0000000008002110       0x30 zephyr/libzephyr.a(log_mgmt.c.obj)
 .text.log_backend_enable
                0x0000000008002140       0x34 zephyr/libzephyr.a(log_mgmt.c.obj)
                0x0000000008002140                log_backend_enable
 .text.log_filter_get
                0x0000000008002174       0x4c zephyr/libzephyr.a(log_mgmt.c.obj)
                0x0000000008002174                log_filter_get
 .text.z_impl_z_log_msg_static_create
                0x00000000080021c0      0x110 zephyr/libzephyr.a(log_msg.c.obj)
                0x00000000080021c0                z_impl_z_log_msg_static_create
 .text.z_log_msg_runtime_vcreate
                0x00000000080022d0       0xb0 zephyr/libzephyr.a(log_msg.c.obj)
                0x00000000080022d0                z_log_msg_runtime_vcreate
 .text.log_msg_get_source_id
                0x0000000008002380       0x18 zephyr/libzephyr.a(log_msg.c.obj)
                0x0000000008002380                log_msg_get_source_id
 .text.print_formatted
                0x0000000008002398       0x24 zephyr/libzephyr.a(log_output.c.obj)
 .text.newline_print
                0x00000000080023bc       0x1c zephyr/libzephyr.a(log_output.c.obj)
 .text.log_output_process
                0x00000000080023d8      0x2d4 zephyr/libzephyr.a(log_output.c.obj)
                0x00000000080023d8                log_output_process
 .text.log_output_dropped_process
                0x00000000080026ac       0x58 zephyr/libzephyr.a(log_output.c.obj)
                0x00000000080026ac                log_output_dropped_process
 .text.log_output_timestamp_freq_set
                0x0000000008002704       0x2c zephyr/libzephyr.a(log_output.c.obj)
                0x0000000008002704                log_output_timestamp_freq_set
 .text.mem_attr_get_regions
                0x0000000008002730        0xc zephyr/libzephyr.a(mem_attr.c.obj)
                0x0000000008002730                mem_attr_get_regions
 .text.cmd_kernel_version
                0x000000000800273c       0x18 zephyr/libzephyr.a(kernel_service.c.obj)
 .text.cmd_kernel_threads
                0x0000000008002754       0x38 zephyr/libzephyr.a(kernel_service.c.obj)
 .text.shell_tdata_dump
                0x000000000800278c      0x120 zephyr/libzephyr.a(kernel_service.c.obj)
 .text.cmd_kernel_stacks
                0x00000000080028ac       0x74 zephyr/libzephyr.a(kernel_service.c.obj)
 .text.cmd_kernel_cycles
                0x0000000008002920       0x1c zephyr/libzephyr.a(kernel_service.c.obj)
 .text.cmd_kernel_log_level_set
                0x000000000800293c       0x80 zephyr/libzephyr.a(kernel_service.c.obj)
 .text.cmd_kernel_sleep
                0x00000000080029bc       0x40 zephyr/libzephyr.a(kernel_service.c.obj)
 .text.shell_stack_dump
                0x00000000080029fc       0x64 zephyr/libzephyr.a(kernel_service.c.obj)
 .text.cmd_device_list
                0x0000000008002a60       0x8c zephyr/libzephyr.a(device_service.c.obj)
 .text.cmd_devmem
                0x0000000008002aec       0xcc zephyr/libzephyr.a(devmem_service.c.obj)
 .text.cmd_dump
                0x0000000008002bb8      0x194 zephyr/libzephyr.a(devmem_service.c.obj)
 .text.set_bypass.isra.0
                0x0000000008002d4c       0x50 zephyr/libzephyr.a(devmem_service.c.obj)
 .text.bypass_cb
                0x0000000008002d9c      0x118 zephyr/libzephyr.a(devmem_service.c.obj)
 .text.cmd_load
                0x0000000008002eb4       0xd8 zephyr/libzephyr.a(devmem_service.c.obj)
 .text.enable_shell_uart
                0x0000000008002f8c       0x38 zephyr/libzephyr.a(shell_uart.c.obj)
 .text.init     0x0000000008002fc4       0x60 zephyr/libzephyr.a(shell_uart.c.obj)
 .text.uart_callback
                0x0000000008003024      0x100 zephyr/libzephyr.a(shell_uart.c.obj)
 .text.shell_internal_help_print
                0x0000000008003124       0x20 zephyr/libzephyr.a(shell.c.obj)
 .text.kill_handler
                0x0000000008003144       0x54 zephyr/libzephyr.a(shell.c.obj)
 .text.z_cursor_next_line_move.isra.0
                0x0000000008003198        0xc zephyr/libzephyr.a(shell.c.obj)
 .text.history_handle
                0x00000000080031a4       0xac zephyr/libzephyr.a(shell.c.obj)
 .text.execute  0x0000000008003250      0x2c8 zephyr/libzephyr.a(shell.c.obj)
 .text.state_set.constprop.0
                0x0000000008003518       0x4c zephyr/libzephyr.a(shell.c.obj)
 .text.shell_process
                0x0000000008003564      0x6bc zephyr/libzephyr.a(shell.c.obj)
                0x0000000008003564                shell_process
 .text.shell_start
                0x0000000008003c20       0x70 zephyr/libzephyr.a(shell.c.obj)
                0x0000000008003c20                shell_start
 .text.shell_thread
                0x0000000008003c90       0xd8 zephyr/libzephyr.a(shell.c.obj)
                0x0000000008003c90                shell_thread
 .text.cmd_help
                0x0000000008003d68       0x4c zephyr/libzephyr.a(shell.c.obj)
 .text.shell_hexdump_line
                0x0000000008003db4       0xe4 zephyr/libzephyr.a(shell.c.obj)
                0x0000000008003db4                shell_hexdump_line
 .text.shell_init
                0x0000000008003e98       0xe8 zephyr/libzephyr.a(shell.c.obj)
                0x0000000008003e98                shell_init
 .text.z_shell_fprintf_fmt
                0x0000000008003f80       0x28 zephyr/libzephyr.a(shell_fprintf.c.obj)
                0x0000000008003f80                z_shell_fprintf_fmt
 .text.z_shell_cmd_get
                0x0000000008003fa8       0x74 zephyr/libzephyr.a(shell_utils.c.obj)
                0x0000000008003fa8                z_shell_cmd_get
 .text.shell_strtoul
                0x000000000800401c       0x54 zephyr/libzephyr.a(shell_utils.c.obj)
                0x000000000800401c                shell_strtoul
 .text.z_clear_eos
                0x0000000008004070       0x18 zephyr/libzephyr.a(shell_ops.c.obj)
 .text.z_cursor_next_line_move.isra.0
                0x0000000008004088        0xc zephyr/libzephyr.a(shell_ops.c.obj)
 .text.z_shell_op_cursor_vert_move
                0x0000000008004094       0x2c zephyr/libzephyr.a(shell_ops.c.obj)
                0x0000000008004094                z_shell_op_cursor_vert_move
 .text.z_shell_op_cursor_horiz_move
                0x00000000080040c0       0x2c zephyr/libzephyr.a(shell_ops.c.obj)
                0x00000000080040c0                z_shell_op_cursor_horiz_move
 .text.z_shell_print_cmd
                0x00000000080040ec       0x78 zephyr/libzephyr.a(shell_ops.c.obj)
                0x00000000080040ec                z_shell_print_cmd
 .text.z_shell_vt100_color_set
                0x0000000008004164       0x40 zephyr/libzephyr.a(shell_ops.c.obj)
                0x0000000008004164                z_shell_vt100_color_set
 .text.z_shell_vt100_colors_restore
                0x00000000080041a4       0x3c zephyr/libzephyr.a(shell_ops.c.obj)
                0x00000000080041a4                z_shell_vt100_colors_restore
 .text.z_shell_op_word_remove
                0x00000000080041e0       0xc8 zephyr/libzephyr.a(shell_ops.c.obj)
                0x00000000080041e0                z_shell_op_word_remove
 .text.reprint_from_cursor
                0x00000000080042a8       0x7c zephyr/libzephyr.a(shell_ops.c.obj)
 .text.z_shell_op_char_insert
                0x0000000008004324       0x70 zephyr/libzephyr.a(shell_ops.c.obj)
                0x0000000008004324                z_shell_op_char_insert
 .text.z_shell_print_prompt_and_cmd
                0x0000000008004394       0x30 zephyr/libzephyr.a(shell_ops.c.obj)
                0x0000000008004394                z_shell_print_prompt_and_cmd
 .text.z_cursor_next_line_move.isra.0
                0x00000000080043c4        0xc zephyr/libzephyr.a(shell_help.c.obj)
 .text.z_shell_help_subcmd_print
                0x00000000080043d0       0xb4 zephyr/libzephyr.a(shell_help.c.obj)
                0x00000000080043d0                z_shell_help_subcmd_print
 .text.z_shell_help_cmd_print
                0x0000000008004484       0x40 zephyr/libzephyr.a(shell_help.c.obj)
                0x0000000008004484                z_shell_help_cmd_print
 .text.z_shell_help_request
                0x00000000080044c4       0x28 zephyr/libzephyr.a(shell_help.c.obj)
                0x00000000080044c4                z_shell_help_request
 .text.cmd_resize_default
                0x00000000080044ec       0x2c zephyr/libzephyr.a(shell_cmds.c.obj)
 .text.cmd_shell_stats_show
                0x0000000008004518       0x18 zephyr/libzephyr.a(shell_cmds.c.obj)
 .text.cmd_backends
                0x0000000008004530       0x54 zephyr/libzephyr.a(shell_cmds.c.obj)
 .text.cmd_prompt_off
                0x0000000008004584       0x10 zephyr/libzephyr.a(shell_cmds.c.obj)
 .text.cmd_history
                0x0000000008004594       0x44 zephyr/libzephyr.a(shell_cmds.c.obj)
 .text.cmd_get_retval
                0x00000000080045d8       0x1c zephyr/libzephyr.a(shell_cmds.c.obj)
 .text.cmd_echo
                0x00000000080045f4       0x54 zephyr/libzephyr.a(shell_cmds.c.obj)
 .text.cmd_clear
                0x0000000008004648       0x34 zephyr/libzephyr.a(shell_cmds.c.obj)
 .text.cmd_resize
                0x000000000800467c      0x1a4 zephyr/libzephyr.a(shell_cmds.c.obj)
 .text.z_shell_wildcard_process
                0x0000000008004820       0xe4 zephyr/libzephyr.a(shell_wildcard.c.obj)
                0x0000000008004820                z_shell_wildcard_process
 .text.z_arm_fatal_error
                0x0000000008004904       0xe0 zephyr/arch/arch/arm/core/libarch__arm__core.a(fatal.c.obj)
                0x0000000008004904                z_arm_fatal_error
 .text.z_arm_nmi
                0x00000000080049e4       0x14 zephyr/arch/arch/arm/core/libarch__arm__core.a(nmi.c.obj)
                0x00000000080049e4                z_arm_nmi
 .text.z_SysNmiOnReset
                0x00000000080049f8        0x8 zephyr/arch/arch/arm/core/libarch__arm__core.a(nmi_on_reset.S.obj)
                0x00000000080049f8                z_SysNmiOnReset
 .text.arch_tls_stack_setup
                0x0000000008004a00       0x40 zephyr/arch/arch/arm/core/libarch__arm__core.a(tls.c.obj)
                0x0000000008004a00                arch_tls_stack_setup
 .text._HandlerModeExit
                0x0000000008004a40       0x28 zephyr/arch/arch/arm/core/cortex_m/libarch__arm__core__cortex_m.a(exc_exit.c.obj)
                0x0000000008004a40                z_arm_int_exit
                0x0000000008004a40                z_arm_exc_exit
 .text.bus_fault.constprop.0
                0x0000000008004a68      0x108 zephyr/arch/arch/arm/core/cortex_m/libarch__arm__core__cortex_m.a(fault.c.obj)
 .text.usage_fault.constprop.0
                0x0000000008004b70       0xdc zephyr/arch/arch/arm/core/cortex_m/libarch__arm__core__cortex_m.a(fault.c.obj)
 .text.mem_manage_fault
                0x0000000008004c4c      0x140 zephyr/arch/arch/arm/core/cortex_m/libarch__arm__core__cortex_m.a(fault.c.obj)
 .text.z_arm_fault
                0x0000000008004d8c      0x20c zephyr/arch/arch/arm/core/cortex_m/libarch__arm__core__cortex_m.a(fault.c.obj)
                0x0000000008004d8c                z_arm_fault
 .text.z_arm_fault_init
                0x0000000008004f98       0x10 zephyr/arch/arch/arm/core/cortex_m/libarch__arm__core__cortex_m.a(fault.c.obj)
                0x0000000008004f98                z_arm_fault_init
 .text.__fault  0x0000000008004fa8       0x14 zephyr/arch/arch/arm/core/cortex_m/libarch__arm__core__cortex_m.a(fault_s.S.obj)
                0x0000000008004fa8                z_arm_usage_fault
                0x0000000008004fa8                z_arm_mpu_fault
                0x0000000008004fa8                z_arm_exc_spurious
                0x0000000008004fa8                z_arm_debug_monitor
                0x0000000008004fa8                z_arm_hard_fault
                0x0000000008004fa8                z_arm_bus_fault
 .text._reset_section
                0x0000000008004fbc       0x38 zephyr/arch/arch/arm/core/cortex_m/libarch__arm__core__cortex_m.a(reset.S.obj)
                0x0000000008004fbc                __start
                0x0000000008004fbc                z_arm_reset
 .text.sys_arch_reboot
                0x0000000008004ff4       0x24 zephyr/arch/arch/arm/core/cortex_m/libarch__arm__core__cortex_m.a(scb.c.obj)
                0x0000000008004ff4                sys_arch_reboot
 .text.z_impl_k_thread_abort
                0x0000000008005018       0x2c zephyr/arch/arch/arm/core/cortex_m/libarch__arm__core__cortex_m.a(thread_abort.c.obj)
                0x0000000008005018                z_impl_k_thread_abort
 .text.arch_swap
                0x0000000008005044       0x34 zephyr/arch/arch/arm/core/cortex_m/libarch__arm__core__cortex_m.a(swap.c.obj)
                0x0000000008005044                arch_swap
 .text.z_arm_pendsv_c
                0x0000000008005078       0x50 zephyr/arch/arch/arm/core/cortex_m/libarch__arm__core__cortex_m.a(swap.c.obj)
                0x0000000008005078                z_arm_pendsv_c
 .text.z_arm_pendsv
                0x00000000080050c8       0x48 zephyr/arch/arch/arm/core/cortex_m/libarch__arm__core__cortex_m.a(swap_helper.S.obj)
                0x00000000080050c8                z_arm_pendsv
 .text.z_arm_svc
                0x0000000008005110       0x20 zephyr/arch/arch/arm/core/cortex_m/libarch__arm__core__cortex_m.a(swap_helper.S.obj)
                0x0000000008005110                z_arm_svc
 .text.arch_irq_enable
                0x0000000008005130       0x1c zephyr/arch/arch/arm/core/cortex_m/libarch__arm__core__cortex_m.a(irq_manage.c.obj)
                0x0000000008005130                arch_irq_enable
 .text.z_arm_irq_priority_set
                0x000000000800514c       0x2c zephyr/arch/arch/arm/core/cortex_m/libarch__arm__core__cortex_m.a(irq_manage.c.obj)
                0x000000000800514c                z_arm_irq_priority_set
 .text.z_prep_c
                0x0000000008005178       0x48 zephyr/arch/arch/arm/core/cortex_m/libarch__arm__core__cortex_m.a(prep_c.c.obj)
                0x0000000008005178                z_prep_c
 .text.arch_new_thread
                0x00000000080051c0       0x30 zephyr/arch/arch/arm/core/cortex_m/libarch__arm__core__cortex_m.a(thread.c.obj)
                0x00000000080051c0                arch_new_thread
 .text.z_check_thread_stack_fail
                0x00000000080051f0       0x30 zephyr/arch/arch/arm/core/cortex_m/libarch__arm__core__cortex_m.a(thread.c.obj)
                0x00000000080051f0                z_check_thread_stack_fail
 .text.arch_switch_to_main_thread
                0x0000000008005220       0x50 zephyr/arch/arch/arm/core/cortex_m/libarch__arm__core__cortex_m.a(thread.c.obj)
                0x0000000008005220                arch_switch_to_main_thread
 .text.z_arm_cpu_idle_init
                0x0000000008005270        0xc zephyr/arch/arch/arm/core/cortex_m/libarch__arm__core__cortex_m.a(cpu_idle.c.obj)
                0x0000000008005270                z_arm_cpu_idle_init
 .text.z_arm_interrupt_init
                0x000000000800527c       0x18 zephyr/arch/arch/arm/core/cortex_m/libarch__arm__core__cortex_m.a(irq_init.c.obj)
                0x000000000800527c                z_arm_interrupt_init
 .text._isr_wrapper
                0x0000000008005294       0x24 zephyr/arch/arch/arm/core/cortex_m/libarch__arm__core__cortex_m.a(isr_wrapper.c.obj)
                0x0000000008005294                _isr_wrapper
 .text.z_arm_configure_static_mpu_regions
                0x00000000080052b8       0x18 zephyr/arch/arch/arm/core/mpu/libarch__arm__core__mpu.a(arm_core_mpu.c.obj)
                0x00000000080052b8                z_arm_configure_static_mpu_regions
 .text.z_arm_configure_dynamic_mpu_regions
                0x00000000080052d0       0x24 zephyr/arch/arch/arm/core/mpu/libarch__arm__core__mpu.a(arm_core_mpu.c.obj)
                0x00000000080052d0                z_arm_configure_dynamic_mpu_regions
 .text.region_allocate_and_init
                0x00000000080052f4       0x58 zephyr/arch/arch/arm/core/mpu/libarch__arm__core__mpu.a(arm_mpu.c.obj)
 .text.mpu_configure_regions
                0x000000000800534c       0x70 zephyr/arch/arch/arm/core/mpu/libarch__arm__core__mpu.a(arm_mpu.c.obj)
 .text.arm_core_mpu_enable
                0x00000000080053bc       0x18 zephyr/arch/arch/arm/core/mpu/libarch__arm__core__mpu.a(arm_mpu.c.obj)
                0x00000000080053bc                arm_core_mpu_enable
 .text.arm_core_mpu_disable
                0x00000000080053d4       0x14 zephyr/arch/arch/arm/core/mpu/libarch__arm__core__mpu.a(arm_mpu.c.obj)
                0x00000000080053d4                arm_core_mpu_disable
 .text.arm_core_mpu_configure_static_mpu_regions
                0x00000000080053e8       0x14 zephyr/arch/arch/arm/core/mpu/libarch__arm__core__mpu.a(arm_mpu.c.obj)
                0x00000000080053e8                arm_core_mpu_configure_static_mpu_regions
 .text.arm_core_mpu_configure_dynamic_mpu_regions
                0x00000000080053fc       0x38 zephyr/arch/arch/arm/core/mpu/libarch__arm__core__mpu.a(arm_mpu.c.obj)
                0x00000000080053fc                arm_core_mpu_configure_dynamic_mpu_regions
 .text.z_arm_mpu_init
                0x0000000008005434      0x17c zephyr/arch/arch/arm/core/mpu/libarch__arm__core__mpu.a(arm_mpu.c.obj)
                0x0000000008005434                z_arm_mpu_init
 .text.z_impl_zephyr_fputc
                0x00000000080055b0       0x10 zephyr/lib/libc/picolibc/liblib__libc__picolibc.a(libc-hooks.c.obj)
                0x00000000080055b0                z_impl_zephyr_fputc
 .text.__stdout_hook_install
                0x00000000080055c0       0x18 zephyr/lib/libc/picolibc/liblib__libc__picolibc.a(libc-hooks.c.obj)
                0x00000000080055c0                __stdout_hook_install
 .text.cbvprintf
                0x00000000080055d8       0x38 zephyr/lib/libc/picolibc/liblib__libc__picolibc.a(libc-hooks.c.obj)
                0x00000000080055d8                cbvprintf
 .text.malloc_prepare
                0x0000000008005610       0x24 zephyr/lib/libc/common/liblib__libc__common.a(malloc.c.obj)
 .text.getopt_init
                0x0000000008005634       0x48 zephyr/lib/posix/options/liblib__posix__options.a(getopt.c.obj)
                0x0000000008005634                getopt_init
 .text.getopt   0x000000000800567c       0xf8 zephyr/lib/posix/options/liblib__posix__options.a(getopt.c.obj)
                0x000000000800567c                getopt
 .text.z_getopt_global_state_update
                0x0000000008005774       0x34 zephyr/lib/posix/options/liblib__posix__options.a(getopt_common.c.obj)
                0x0000000008005774                z_getopt_global_state_update
 .text.getopt_state_get
                0x00000000080057a8        0x8 zephyr/lib/posix/options/liblib__posix__options.a(getopt_common.c.obj)
                0x00000000080057a8                getopt_state_get
 .text.stm32_exti_isr
                0x00000000080057b0       0x4c zephyr/drivers/interrupt_controller/libdrivers__interrupt_controller.a(intc_exti_stm32.c.obj)
 .text.stm32_fill_irq_table
                0x00000000080057fc       0x18 zephyr/drivers/interrupt_controller/libdrivers__interrupt_controller.a(intc_exti_stm32.c.obj)
 .text.stm32_exti_enable
                0x0000000008005814       0x24 zephyr/drivers/interrupt_controller/libdrivers__interrupt_controller.a(intc_exti_stm32.c.obj)
                0x0000000008005814                stm32_exti_enable
 .text.stm32_exti_disable
                0x0000000008005838       0x18 zephyr/drivers/interrupt_controller/libdrivers__interrupt_controller.a(intc_exti_stm32.c.obj)
                0x0000000008005838                stm32_exti_disable
 .text.stm32_exti_trigger
                0x0000000008005850       0x60 zephyr/drivers/interrupt_controller/libdrivers__interrupt_controller.a(intc_exti_stm32.c.obj)
                0x0000000008005850                stm32_exti_trigger
 .text.stm32_exti_set_callback
                0x00000000080058b0       0x30 zephyr/drivers/interrupt_controller/libdrivers__interrupt_controller.a(intc_exti_stm32.c.obj)
                0x00000000080058b0                stm32_exti_set_callback
 .text.stm32_exti_unset_callback
                0x00000000080058e0       0x14 zephyr/drivers/interrupt_controller/libdrivers__interrupt_controller.a(intc_exti_stm32.c.obj)
                0x00000000080058e0                stm32_exti_unset_callback
 .text.can_msgq_put.part.0
                0x00000000080058f4       0x3c zephyr/drivers/can/libdrivers__can.a(can_common.c.obj)
 .text.z_impl_can_send
                0x0000000008005930       0xec zephyr/drivers/can/libdrivers__can.a(can_common.c.obj)
                0x0000000008005930                z_impl_can_send
 .text.z_impl_can_add_rx_filter_msgq
                0x0000000008005a1c       0x18 zephyr/drivers/can/libdrivers__can.a(can_common.c.obj)
                0x0000000008005a1c                z_impl_can_add_rx_filter_msgq
 .text.z_impl_can_calc_timing
                0x0000000008005a34      0x1c8 zephyr/drivers/can/libdrivers__can.a(can_common.c.obj)
                0x0000000008005a34                z_impl_can_calc_timing
 .text.can_stm32_enter_init_mode
                0x0000000008005bfc       0x3c zephyr/drivers/can/libdrivers__can.a(can_stm32_bxcan.c.obj)
 .text.can_stm32_rx_isr
                0x0000000008005c38       0xd0 zephyr/drivers/can/libdrivers__can.a(can_stm32_bxcan.c.obj)
 .text.can_stm32_set_timing
                0x0000000008005d08       0x70 zephyr/drivers/can/libdrivers__can.a(can_stm32_bxcan.c.obj)
 .text.can_stm32_get_core_clock
                0x0000000008005d78       0x40 zephyr/drivers/can/libdrivers__can.a(can_stm32_bxcan.c.obj)
 .text.can_stm32_remove_rx_filter
                0x0000000008005db8      0x140 zephyr/drivers/can/libdrivers__can.a(can_stm32_bxcan.c.obj)
 .text.can_stm32_set_mode
                0x0000000008005ef8       0x88 zephyr/drivers/can/libdrivers__can.a(can_stm32_bxcan.c.obj)
 .text.can_stm32_add_rx_filter
                0x0000000008005f80      0x168 zephyr/drivers/can/libdrivers__can.a(can_stm32_bxcan.c.obj)
 .text.can_stm32_send
                0x00000000080060e8      0x15c zephyr/drivers/can/libdrivers__can.a(can_stm32_bxcan.c.obj)
 .text.can_stm32_stop
                0x0000000008006244       0xc4 zephyr/drivers/can/libdrivers__can.a(can_stm32_bxcan.c.obj)
 .text.can_stm32_init
                0x0000000008006308      0x1f0 zephyr/drivers/can/libdrivers__can.a(can_stm32_bxcan.c.obj)
 .text.can_stm32_start
                0x00000000080064f8       0xbc zephyr/drivers/can/libdrivers__can.a(can_stm32_bxcan.c.obj)
 .text.stm32_clock_control_get_subsys_rate
                0x00000000080065b4       0x88 zephyr/drivers/clock_control/libdrivers__clock_control.a(clock_stm32_ll_common.c.obj)
 .text.stm32_clock_control_init
                0x000000000800663c      0x11c zephyr/drivers/clock_control/libdrivers__clock_control.a(clock_stm32_ll_common.c.obj)
                0x000000000800663c                stm32_clock_control_init
 .text.get_pllsrc_frequency
                0x0000000008006758        0x8 zephyr/drivers/clock_control/libdrivers__clock_control.a(clock_stm32f2_f4_f7.c.obj)
                0x0000000008006758                get_pllsrc_frequency
 .text.config_pll_sysclock
                0x0000000008006760       0x4c zephyr/drivers/clock_control/libdrivers__clock_control.a(clock_stm32f2_f4_f7.c.obj)
                0x0000000008006760                config_pll_sysclock
 .text.config_enable_default_clocks
                0x00000000080067ac       0x20 zephyr/drivers/clock_control/libdrivers__clock_control.a(clock_stm32f2_f4_f7.c.obj)
                0x00000000080067ac                config_enable_default_clocks
 .text.uart_console_init
                0x00000000080067cc       0x28 zephyr/drivers/console/libdrivers__console.a(uart_console.c.obj)
 .text.console_out
                0x00000000080067f4       0x28 zephyr/drivers/console/libdrivers__console.a(uart_console.c.obj)
 .text.gpio_stm32_init
                0x000000000800681c       0x30 zephyr/drivers/gpio/libdrivers__gpio.a(gpio_stm32.c.obj)
 .text.gpio_stm32_pin_interrupt_configure
                0x000000000800684c      0x108 zephyr/drivers/gpio/libdrivers__gpio.a(gpio_stm32.c.obj)
 .text.pinctrl_configure_pins
                0x0000000008006954       0x84 zephyr/drivers/pinctrl/libdrivers__pinctrl.a(pinctrl_stm32.c.obj)
                0x0000000008006954                pinctrl_configure_pins
 .text.uart_stm32_irq_err_enable
                0x00000000080069d8       0x78 zephyr/drivers/serial/libdrivers__serial.a(uart_stm32.c.obj)
 .text.uart_stm32_irq_err_disable
                0x0000000008006a50       0x78 zephyr/drivers/serial/libdrivers__serial.a(uart_stm32.c.obj)
 .text.uart_stm32_set_baudrate.part.0
                0x0000000008006ac8       0x1c zephyr/drivers/serial/libdrivers__serial.a(uart_stm32.c.obj)
 .text.uart_stm32_parameters_set
                0x0000000008006ae4      0x134 zephyr/drivers/serial/libdrivers__serial.a(uart_stm32.c.obj)
 .text.uart_stm32_init
                0x0000000008006c18      0x1f4 zephyr/drivers/serial/libdrivers__serial.a(uart_stm32.c.obj)
 .text.uart_stm32_configure
                0x0000000008006e0c      0x160 zephyr/drivers/serial/libdrivers__serial.a(uart_stm32.c.obj)
 .text.elapsed  0x0000000008006f6c       0x4c zephyr/drivers/timer/libdrivers__timer.a(cortex_m_systick.c.obj)
 .text.sys_clock_driver_init
                0x0000000008006fb8       0x38 zephyr/drivers/timer/libdrivers__timer.a(cortex_m_systick.c.obj)
 .text.sys_clock_isr
                0x0000000008006ff0       0x54 zephyr/drivers/timer/libdrivers__timer.a(cortex_m_systick.c.obj)
                0x0000000008006ff0                sys_clock_isr
 .text.sys_clock_set_timeout
                0x0000000008007044       0xfc zephyr/drivers/timer/libdrivers__timer.a(cortex_m_systick.c.obj)
                0x0000000008007044                sys_clock_set_timeout
 .text.sys_clock_elapsed
                0x0000000008007140       0x3c zephyr/drivers/timer/libdrivers__timer.a(cortex_m_systick.c.obj)
                0x0000000008007140                sys_clock_elapsed
 .text.sys_clock_cycle_get_32
                0x000000000800717c       0x28 zephyr/drivers/timer/libdrivers__timer.a(cortex_m_systick.c.obj)
                0x000000000800717c                sys_clock_cycle_get_32
 .text.HAL_RCC_GetSysClockFreq
                0x00000000080071a4       0x5c modules/stm32/stm32cube/lib..__modules__hal__stm32__stm32cube.a(stm32f7xx_hal_rcc.c.obj)
                0x00000000080071a4                HAL_RCC_GetSysClockFreq
 .text.LL_SetFlashLatency
                0x0000000008007200       0xe0 modules/stm32/stm32cube/lib..__modules__hal__stm32__stm32cube.a(stm32f7xx_ll_utils.c.obj)
                0x0000000008007200                LL_SetFlashLatency
 .text.z_device_get_all_static
                0x00000000080072e0       0x18 zephyr/kernel/libkernel.a(device.c.obj)
                0x00000000080072e0                z_device_get_all_static
 .text.k_sys_fatal_error_handler
                0x00000000080072f8       0x28 zephyr/kernel/libkernel.a(fatal.c.obj)
                0x00000000080072f8                k_sys_fatal_error_handler
 .text.z_fatal_error
                0x0000000008007320      0x110 zephyr/kernel/libkernel.a(fatal.c.obj)
                0x0000000008007320                z_fatal_error
 .text.z_sys_init_run_level
                0x0000000008007430       0x2c zephyr/kernel/libkernel.a(init.c.obj)
 .text.bg_thread_main
                0x000000000800745c       0xc4 zephyr/kernel/libkernel.a(init.c.obj)
 .text.z_bss_zero
                0x0000000008007520       0x2c zephyr/kernel/libkernel.a(init.c.obj)
                0x0000000008007520                z_bss_zero
 .text.z_init_cpu
                0x000000000800754c       0x8c zephyr/kernel/libkernel.a(init.c.obj)
                0x000000000800754c                z_init_cpu
 .text.z_cstart
                0x00000000080075d8       0xd4 zephyr/kernel/libkernel.a(init.c.obj)
                0x00000000080075d8                z_cstart
 .text.z_impl_k_msgq_put
                0x00000000080076ac       0xac zephyr/kernel/libkernel.a(msg_q.c.obj)
                0x00000000080076ac                z_impl_k_msgq_put
 .text.z_impl_k_msgq_get
                0x0000000008007758       0xb4 zephyr/kernel/libkernel.a(msg_q.c.obj)
                0x0000000008007758                z_impl_k_msgq_get
 .text.z_impl_k_mutex_lock
                0x000000000800780c       0xf0 zephyr/kernel/libkernel.a(mutex.c.obj)
                0x000000000800780c                z_impl_k_mutex_lock
 .text.z_impl_k_mutex_unlock
                0x00000000080078fc       0x78 zephyr/kernel/libkernel.a(mutex.c.obj)
                0x00000000080078fc                z_impl_k_mutex_unlock
 .text.z_impl_k_sem_give
                0x0000000008007974       0x4c zephyr/kernel/libkernel.a(sem.c.obj)
                0x0000000008007974                z_impl_k_sem_give
 .text.z_impl_k_sem_take
                0x00000000080079c0       0x4c zephyr/kernel/libkernel.a(sem.c.obj)
                0x00000000080079c0                z_impl_k_sem_take
 .text.z_impl_k_thread_name_set
                0x0000000008007a0c       0x20 zephyr/kernel/libkernel.a(thread.c.obj)
                0x0000000008007a0c                z_impl_k_thread_name_set
 .text.k_thread_state_str
                0x0000000008007a2c       0x90 zephyr/kernel/libkernel.a(thread.c.obj)
                0x0000000008007a2c                k_thread_state_str
 .text.z_setup_new_thread
                0x0000000008007abc      0x114 zephyr/kernel/libkernel.a(thread.c.obj)
                0x0000000008007abc                z_setup_new_thread
 .text.z_impl_k_thread_create
                0x0000000008007bd0       0x58 zephyr/kernel/libkernel.a(thread.c.obj)
                0x0000000008007bd0                z_impl_k_thread_create
 .text.z_thread_mark_switched_in
                0x0000000008007c28        0xc zephyr/kernel/libkernel.a(thread.c.obj)
                0x0000000008007c28                z_thread_mark_switched_in
 .text.update_cache
                0x0000000008007c34       0x3c zephyr/kernel/libkernel.a(sched.c.obj)
 .text.unready_thread
                0x0000000008007c70       0x30 zephyr/kernel/libkernel.a(sched.c.obj)
 .text.ready_thread
                0x0000000008007ca0       0x68 zephyr/kernel/libkernel.a(sched.c.obj)
 .text.z_thread_halt
                0x0000000008007d08       0xf0 zephyr/kernel/libkernel.a(sched.c.obj)
 .text.move_thread_to_end_of_prio_q
                0x0000000008007df8       0x74 zephyr/kernel/libkernel.a(sched.c.obj)
                0x0000000008007df8                move_thread_to_end_of_prio_q
 .text.z_pend_curr
                0x0000000008007e6c       0x58 zephyr/kernel/libkernel.a(sched.c.obj)
                0x0000000008007e6c                z_pend_curr
 .text.z_thread_prio_set
                0x0000000008007ec4       0x88 zephyr/kernel/libkernel.a(sched.c.obj)
                0x0000000008007ec4                z_thread_prio_set
 .text.z_reschedule
                0x0000000008007f4c       0x24 zephyr/kernel/libkernel.a(sched.c.obj)
                0x0000000008007f4c                z_reschedule
 .text.z_sched_start
                0x0000000008007f70       0x3c zephyr/kernel/libkernel.a(sched.c.obj)
                0x0000000008007f70                z_sched_start
 .text.z_reschedule_irqlock
                0x0000000008007fac       0x28 zephyr/kernel/libkernel.a(sched.c.obj)
                0x0000000008007fac                z_reschedule_irqlock
 .text.k_sched_lock
                0x0000000008007fd4       0x28 zephyr/kernel/libkernel.a(sched.c.obj)
                0x0000000008007fd4                k_sched_lock
 .text.k_sched_unlock
                0x0000000008007ffc       0x40 zephyr/kernel/libkernel.a(sched.c.obj)
                0x0000000008007ffc                k_sched_unlock
 .text.z_sched_init
                0x000000000800803c       0x10 zephyr/kernel/libkernel.a(sched.c.obj)
                0x000000000800803c                z_sched_init
 .text.z_impl_k_yield
                0x000000000800804c       0x7c zephyr/kernel/libkernel.a(sched.c.obj)
                0x000000000800804c                z_impl_k_yield
 .text.z_tick_sleep
                0x00000000080080c8       0x88 zephyr/kernel/libkernel.a(sched.c.obj)
 .text.z_impl_k_sleep
                0x0000000008008150       0x38 zephyr/kernel/libkernel.a(sched.c.obj)
                0x0000000008008150                z_impl_k_sleep
 .text.z_impl_k_sched_current_thread_query
                0x0000000008008188        0xc zephyr/kernel/libkernel.a(sched.c.obj)
                0x0000000008008188                z_impl_k_sched_current_thread_query
 .text.z_sched_wait
                0x0000000008008194       0x24 zephyr/kernel/libkernel.a(sched.c.obj)
                0x0000000008008194                z_sched_wait
 .text.slice_timeout
                0x00000000080081b8       0x20 zephyr/kernel/libkernel.a(timeslicing.c.obj)
 .text.thread_is_sliceable
                0x00000000080081d8       0x3c zephyr/kernel/libkernel.a(timeslicing.c.obj)
                0x00000000080081d8                thread_is_sliceable
 .text.z_reset_time_slice
                0x0000000008008214       0x50 zephyr/kernel/libkernel.a(timeslicing.c.obj)
                0x0000000008008214                z_reset_time_slice
 .text.z_time_slice
                0x0000000008008264       0x60 zephyr/kernel/libkernel.a(timeslicing.c.obj)
                0x0000000008008264                z_time_slice
 .text.z_thread_monitor_exit
                0x00000000080082c4       0x44 zephyr/kernel/libkernel.a(thread_monitor.c.obj)
                0x00000000080082c4                z_thread_monitor_exit
 .text.k_thread_foreach_unlocked
                0x0000000008008308       0x4c zephyr/kernel/libkernel.a(thread_monitor.c.obj)
                0x0000000008008308                k_thread_foreach_unlocked
 .text.z_data_copy
                0x0000000008008354       0x4c zephyr/kernel/libkernel.a(xip.c.obj)
                0x0000000008008354                z_data_copy
 .text.elapsed  0x00000000080083a0       0x14 zephyr/kernel/libkernel.a(timeout.c.obj)
 .text.remove_timeout
                0x00000000080083b4       0x38 zephyr/kernel/libkernel.a(timeout.c.obj)
 .text.next_timeout
                0x00000000080083ec       0x40 zephyr/kernel/libkernel.a(timeout.c.obj)
 .text.z_add_timeout
                0x000000000800842c       0xf4 zephyr/kernel/libkernel.a(timeout.c.obj)
                0x000000000800842c                z_add_timeout
 .text.sys_clock_announce
                0x0000000008008520       0xd4 zephyr/kernel/libkernel.a(timeout.c.obj)
                0x0000000008008520                sys_clock_announce
 .text.sys_clock_tick_get
                0x00000000080085f4       0x30 zephyr/kernel/libkernel.a(timeout.c.obj)
                0x00000000080085f4                sys_clock_tick_get
 .text.z_timer_expiration_handler
                0x0000000008008624       0xe0 zephyr/kernel/libkernel.a(timer.c.obj)
                0x0000000008008624                z_timer_expiration_handler
 .text.z_impl_k_timer_start
                0x0000000008008704       0x74 zephyr/kernel/libkernel.a(timer.c.obj)
                0x0000000008008704                z_impl_k_timer_start
 .text.z_impl_k_poll
                0x0000000008008778       0xb0 zephyr/kernel/libkernel.a(poll.c.obj)
                0x0000000008008778                z_impl_k_poll
 .text.z_impl_k_poll_signal_raise
                0x0000000008008828       0x50 zephyr/kernel/libkernel.a(poll.c.obj)
                0x0000000008008828                z_impl_k_poll_signal_raise
 .text.z_sched_usage_start
                0x0000000008008878       0x18 zephyr/kernel/libkernel.a(usage.c.obj)
                0x0000000008008878                z_sched_usage_start
 .text.z_sched_usage_stop
                0x0000000008008890       0x54 zephyr/kernel/libkernel.a(usage.c.obj)
                0x0000000008008890                z_sched_usage_stop
 .text.z_sched_cpu_usage
                0x00000000080088e4       0x84 zephyr/kernel/libkernel.a(usage.c.obj)
                0x00000000080088e4                z_sched_cpu_usage
 .text.z_sched_thread_usage
                0x0000000008008968       0x78 zephyr/kernel/libkernel.a(usage.c.obj)
                0x0000000008008968                z_sched_thread_usage
 .text.boot_banner
                0x00000000080089e0        0xc zephyr/kernel/libkernel.a(banner.c.obj)
                0x00000000080089e0                boot_banner
 .text.statics_init
                0x00000000080089ec       0x24 zephyr/kernel/libkernel.a(kheap.c.obj)
 .text.k_sys_work_q_init
                0x0000000008008a10       0x34 zephyr/kernel/libkernel.a(system_work_q.c.obj)
 .text.work_queue_main
                0x0000000008008a44      0x144 zephyr/kernel/libkernel.a(work.c.obj)
 .text.submit_to_queue_locked
                0x0000000008008b88       0xb0 zephyr/kernel/libkernel.a(work.c.obj)
 .text.k_work_queue_start
                0x0000000008008c38       0x7c zephyr/kernel/libkernel.a(work.c.obj)
                0x0000000008008c38                k_work_queue_start
 .text.snprintf
                0x0000000008008cb4       0x58 d:\zephyr-sdk-0.16.8\arm-zephyr-eabi\bin\../lib/gcc/../../picolibc/arm-zephyr-eabi/lib/thumb/v7e-m/nofp\libc.a(libc_tinystdio_snprintf.c.o)
                0x0000000008008cb4                snprintf
 .text.strtol   0x0000000008008d0c       0xec d:\zephyr-sdk-0.16.8\arm-zephyr-eabi\bin\../lib/gcc/../../picolibc/arm-zephyr-eabi/lib/thumb/v7e-m/nofp\libc.a(libc_tinystdio_strtol.c.o)
                0x0000000008008d0c                strtol
 .text.strtoul  0x0000000008008df8       0xcc d:\zephyr-sdk-0.16.8\arm-zephyr-eabi\bin\../lib/gcc/../../picolibc/arm-zephyr-eabi/lib/thumb/v7e-m/nofp\libc.a(libc_tinystdio_strtoul.c.o)
                0x0000000008008df8                strtoul
 .text.__l_vfprintf
                0x0000000008008ec4      0x4b8 d:\zephyr-sdk-0.16.8\arm-zephyr-eabi\bin\../lib/gcc/../../picolibc/arm-zephyr-eabi/lib/thumb/v7e-m/nofp\libc.a(libc_tinystdio_vflprintf.c.o)
                0x0000000008008ec4                __l_vfprintf
 .text._OffsetAbsSyms
                0x000000000800937c        0x2 zephyr/CMakeFiles/offsets.dir/./arch/arm/core/offsets/offsets.c.obj
                0x000000000800937c                _OffsetAbsSyms
 .text.k_uptime_get_32
                0x000000000800937e       0x10 app/libapp.a(safety_monitor.c.obj)
 .text.chunk_size
                0x000000000800938e        0xa zephyr/libzephyr.a(heap.c.obj)
 .text.free_list_add
                0x0000000008009398       0x4e zephyr/libzephyr.a(heap.c.obj)
 .text.sys_heap_init
                0x00000000080093e6       0x7a zephyr/libzephyr.a(heap.c.obj)
                0x00000000080093e6                sys_heap_init
 .text.cbpprintf_external
                0x0000000008009460       0x62 zephyr/libzephyr.a(cbprintf_packaged.c.obj)
                0x0000000008009460                cbpprintf_external
 .text.is_ptr   0x00000000080094c2       0x4a zephyr/libzephyr.a(cbprintf_packaged.c.obj)
                0x00000000080094c2                is_ptr
 .text.arch_printk_char_out
                0x000000000800950c        0x4 zephyr/libzephyr.a(printk.c.obj)
                0x000000000800950c                arch_printk_char_out
 .text.printk   0x0000000008009510       0x1a zephyr/libzephyr.a(printk.c.obj)
                0x0000000008009510                printk
 .text.free_space
                0x000000000800952a       0x26 zephyr/libzephyr.a(mpsc_pbuf.c.obj)
 .text.get_usage
                0x0000000008009550       0x22 zephyr/libzephyr.a(mpsc_pbuf.c.obj)
 .text.idx_inc  0x0000000008009572       0x1c zephyr/libzephyr.a(mpsc_pbuf.c.obj)
 .text.rd_idx_inc
                0x000000000800958e       0x18 zephyr/libzephyr.a(mpsc_pbuf.c.obj)
 .text.add_skip_item
                0x00000000080095a6       0x3a zephyr/libzephyr.a(mpsc_pbuf.c.obj)
 .text.drop_item_locked
                0x00000000080095e0       0xee zephyr/libzephyr.a(mpsc_pbuf.c.obj)
 .text.post_drop_action
                0x00000000080096ce       0x36 zephyr/libzephyr.a(mpsc_pbuf.c.obj)
 .text.max_utilization_update
                0x0000000008009704       0x1a zephyr/libzephyr.a(mpsc_pbuf.c.obj)
 .text.mpsc_pbuf_init
                0x000000000800971e       0x42 zephyr/libzephyr.a(mpsc_pbuf.c.obj)
                0x000000000800971e                mpsc_pbuf_init
 .text.mpsc_pbuf_alloc
                0x0000000008009760       0xf8 zephyr/libzephyr.a(mpsc_pbuf.c.obj)
                0x0000000008009760                mpsc_pbuf_alloc
 .text.mpsc_pbuf_commit
                0x0000000008009858       0x3e zephyr/libzephyr.a(mpsc_pbuf.c.obj)
                0x0000000008009858                mpsc_pbuf_commit
 .text.mpsc_pbuf_claim
                0x0000000008009896       0xa8 zephyr/libzephyr.a(mpsc_pbuf.c.obj)
                0x0000000008009896                mpsc_pbuf_claim
 .text.mpsc_pbuf_free
                0x000000000800993e       0x76 zephyr/libzephyr.a(mpsc_pbuf.c.obj)
                0x000000000800993e                mpsc_pbuf_free
 .text.mpsc_pbuf_is_pending
                0x00000000080099b4       0x1a zephyr/libzephyr.a(mpsc_pbuf.c.obj)
                0x00000000080099b4                mpsc_pbuf_is_pending
 .text.ring_buf_put_claim
                0x00000000080099ce       0x40 zephyr/libzephyr.a(ring_buffer.c.obj)
                0x00000000080099ce                ring_buf_put_claim
 .text.ring_buf_put_finish
                0x0000000008009a0e       0x2a zephyr/libzephyr.a(ring_buffer.c.obj)
                0x0000000008009a0e                ring_buf_put_finish
 .text.ring_buf_put
                0x0000000008009a38       0x3e zephyr/libzephyr.a(ring_buffer.c.obj)
                0x0000000008009a38                ring_buf_put
 .text.ring_buf_get_claim
                0x0000000008009a76       0x3e zephyr/libzephyr.a(ring_buffer.c.obj)
                0x0000000008009a76                ring_buf_get_claim
 .text.ring_buf_get_finish
                0x0000000008009ab4       0x2a zephyr/libzephyr.a(ring_buffer.c.obj)
                0x0000000008009ab4                ring_buf_get_finish
 .text.ring_buf_get
                0x0000000008009ade       0x40 zephyr/libzephyr.a(ring_buffer.c.obj)
                0x0000000008009ade                ring_buf_get
 .text._ConfigAbsSyms
                0x0000000008009b1e        0x2 zephyr/libzephyr.a(configs.c.obj)
                0x0000000008009b1e                _ConfigAbsSyms
 .text.log_msg_generic_get_wlen
                0x0000000008009b20       0x20 zephyr/libzephyr.a(log_core.c.obj)
 .text.dummy_timestamp
                0x0000000008009b40        0x4 zephyr/libzephyr.a(log_core.c.obj)
 .text.atomic_inc
                0x0000000008009b44       0x1a zephyr/libzephyr.a(log_core.c.obj)
 .text.default_lf_get_timestamp
                0x0000000008009b5e       0x10 zephyr/libzephyr.a(log_core.c.obj)
 .text.z_log_vprintk
                0x0000000008009b6e       0x1c zephyr/libzephyr.a(log_core.c.obj)
                0x0000000008009b6e                z_log_vprintk
 .text.z_log_notify_drop
                0x0000000008009b8a        0x6 zephyr/libzephyr.a(log_core.c.obj)
 .text.z_log_get_tag
                0x0000000008009b90        0x4 zephyr/libzephyr.a(log_core.c.obj)
                0x0000000008009b90                z_log_get_tag
 .text.z_impl_log_filter_set
                0x0000000008009b94       0x10 zephyr/libzephyr.a(log_mgmt.c.obj)
                0x0000000008009b94                z_impl_log_filter_set
 .text.log_backend_disable
                0x0000000008009ba4       0x18 zephyr/libzephyr.a(log_mgmt.c.obj)
                0x0000000008009ba4                log_backend_disable
 .text.z_cbprintf_cpy
                0x0000000008009bbc       0x2c zephyr/libzephyr.a(log_msg.c.obj)
 .text.z_log_msg_finalize
                0x0000000008009be8       0x32 zephyr/libzephyr.a(log_msg.c.obj)
                0x0000000008009be8                z_log_msg_finalize
 .text.z_log_msg_simple_create
                0x0000000008009c1a       0x6e zephyr/libzephyr.a(log_msg.c.obj)
 .text.z_impl_z_log_msg_simple_create_0
                0x0000000008009c88       0x12 zephyr/libzephyr.a(log_msg.c.obj)
                0x0000000008009c88                z_impl_z_log_msg_simple_create_0
 .text.z_impl_z_log_msg_simple_create_1
                0x0000000008009c9a       0x14 zephyr/libzephyr.a(log_msg.c.obj)
                0x0000000008009c9a                z_impl_z_log_msg_simple_create_1
 .text.z_impl_z_log_msg_simple_create_2
                0x0000000008009cae       0x18 zephyr/libzephyr.a(log_msg.c.obj)
                0x0000000008009cae                z_impl_z_log_msg_simple_create_2
 .text.buffer_write
                0x0000000008009cc6       0x1c zephyr/libzephyr.a(log_output.c.obj)
 .text.log_output_flush
                0x0000000008009ce2       0x1a zephyr/libzephyr.a(log_output.c.obj)
                0x0000000008009ce2                log_output_flush
 .text.out_func
                0x0000000008009cfc       0x36 zephyr/libzephyr.a(log_output.c.obj)
 .text.cr_out_func
                0x0000000008009d32       0x1c zephyr/libzephyr.a(log_output.c.obj)
 .text.log_output_msg_process
                0x0000000008009d4e       0x6c zephyr/libzephyr.a(log_output.c.obj)
                0x0000000008009d4e                log_output_msg_process
 .text.cmd_kernel_reboot_warm
                0x0000000008009dba        0x8 zephyr/libzephyr.a(kernel_service.c.obj)
 .text.cmd_kernel_reboot_cold
                0x0000000008009dc2        0x8 zephyr/libzephyr.a(kernel_service.c.obj)
 .text.log_msg_generic_get_wlen
                0x0000000008009dca       0x20 zephyr/libzephyr.a(shell_uart.c.obj)
 .text.uart_irq_tx_disable
                0x0000000008009dea        0xa zephyr/libzephyr.a(shell_uart.c.obj)
 .text.enable   0x0000000008009df4       0x12 zephyr/libzephyr.a(shell_uart.c.obj)
 .text.read_uart
                0x0000000008009e06       0x12 zephyr/libzephyr.a(shell_uart.c.obj)
 .text.uninit   0x0000000008009e18       0x20 zephyr/libzephyr.a(shell_uart.c.obj)
 .text.write_uart
                0x0000000008009e38       0x6c zephyr/libzephyr.a(shell_uart.c.obj)
 .text.cmd_buffer_clear
                0x0000000008009ea4       0x16 zephyr/libzephyr.a(shell.c.obj)
 .text.atomic_or
                0x0000000008009eba       0x1e zephyr/libzephyr.a(shell.c.obj)
 .text.atomic_and
                0x0000000008009ed8       0x1e zephyr/libzephyr.a(shell.c.obj)
 .text.k_mutex_lock
                0x0000000008009ef6        0x4 zephyr/libzephyr.a(shell.c.obj)
 .text.shell_signal_handle
                0x0000000008009efa       0x2c zephyr/libzephyr.a(shell.c.obj)
 .text.z_shell_strlen
                0x0000000008009f26        0xc zephyr/libzephyr.a(shell.c.obj)
 .text.z_shell_raw_fprintf
                0x0000000008009f32       0x1a zephyr/libzephyr.a(shell.c.obj)
 .text.transport_evt_handler
                0x0000000008009f4c       0x14 zephyr/libzephyr.a(shell.c.obj)
 .text.z_flag_cmd_ctx_set.isra.0
                0x0000000008009f60       0x16 zephyr/libzephyr.a(shell.c.obj)
 .text.z_flag_history_exit_set.isra.0
                0x0000000008009f76       0x14 zephyr/libzephyr.a(shell.c.obj)
 .text.z_flag_insert_mode_set.isra.0
                0x0000000008009f8a       0x1e zephyr/libzephyr.a(shell.c.obj)
 .text.k_mutex_unlock.isra.0
                0x0000000008009fa8        0x4 zephyr/libzephyr.a(shell.c.obj)
 .text.shell_log_process
                0x0000000008009fac       0x48 zephyr/libzephyr.a(shell.c.obj)
 .text.shell_vfprintf
                0x0000000008009ff4       0x8a zephyr/libzephyr.a(shell.c.obj)
                0x0000000008009ff4                shell_vfprintf
 .text.shell_fprintf_impl
                0x000000000800a07e       0x1a zephyr/libzephyr.a(shell.c.obj)
                0x000000000800a07e                shell_fprintf_impl
 .text.shell_prompt_change
                0x000000000800a098       0x5a zephyr/libzephyr.a(shell.c.obj)
                0x000000000800a098                shell_prompt_change
 .text.shell_help
                0x000000000800a0f2       0x2a zephyr/libzephyr.a(shell.c.obj)
                0x000000000800a0f2                shell_help
 .text.shell_get_return_value
                0x000000000800a11c       0x10 zephyr/libzephyr.a(shell.c.obj)
                0x000000000800a11c                shell_get_return_value
 .text.shell_set_bypass
                0x000000000800a12c        0xc zephyr/libzephyr.a(shell.c.obj)
                0x000000000800a12c                shell_set_bypass
 .text.z_shell_fprintf_buffer_flush
                0x000000000800a138       0x18 zephyr/libzephyr.a(shell_fprintf.c.obj)
                0x000000000800a138                z_shell_fprintf_buffer_flush
 .text.out_func
                0x000000000800a150       0x3c zephyr/libzephyr.a(shell_fprintf.c.obj)
 .text.z_shell_strlen
                0x000000000800a18c        0xc zephyr/libzephyr.a(shell_utils.c.obj)
 .text.z_column_span_with_buffer_offsets_get
                0x000000000800a198       0x1e zephyr/libzephyr.a(shell_utils.c.obj)
                0x000000000800a198                z_column_span_with_buffer_offsets_get
 .text.z_row_span_with_buffer_offsets_get
                0x000000000800a1b6       0x16 zephyr/libzephyr.a(shell_utils.c.obj)
                0x000000000800a1b6                z_row_span_with_buffer_offsets_get
 .text.z_shell_multiline_data_calc
                0x000000000800a1cc       0x2c zephyr/libzephyr.a(shell_utils.c.obj)
                0x000000000800a1cc                z_shell_multiline_data_calc
 .text.z_shell_make_argv
                0x000000000800a1f8      0x1a0 zephyr/libzephyr.a(shell_utils.c.obj)
                0x000000000800a1f8                z_shell_make_argv
 .text.z_shell_pattern_remove
                0x000000000800a398       0x4e zephyr/libzephyr.a(shell_utils.c.obj)
                0x000000000800a398                z_shell_pattern_remove
 .text.z_shell_find_cmd
                0x000000000800a3e6       0x58 zephyr/libzephyr.a(shell_utils.c.obj)
                0x000000000800a3e6                z_shell_find_cmd
 .text.z_shell_get_last_command
                0x000000000800a43e       0x5c zephyr/libzephyr.a(shell_utils.c.obj)
                0x000000000800a43e                z_shell_get_last_command
 .text.z_shell_spaces_trim
                0x000000000800a49a       0x60 zephyr/libzephyr.a(shell_utils.c.obj)
                0x000000000800a49a                z_shell_spaces_trim
 .text.z_shell_cmd_trim
                0x000000000800a4fa       0x74 zephyr/libzephyr.a(shell_utils.c.obj)
                0x000000000800a4fa                z_shell_cmd_trim
 .text.z_shell_raw_fprintf
                0x000000000800a56e       0x1a zephyr/libzephyr.a(shell_ops.c.obj)
 .text.full_line_cmd.isra.0
                0x000000000800a588       0x22 zephyr/libzephyr.a(shell_ops.c.obj)
 .text.z_shell_cursor_in_empty_line
                0x000000000800a5aa       0x2e zephyr/libzephyr.a(shell_ops.c.obj)
                0x000000000800a5aa                z_shell_cursor_in_empty_line
 .text.z_shell_op_cond_next_line
                0x000000000800a5d8       0x1e zephyr/libzephyr.a(shell_ops.c.obj)
                0x000000000800a5d8                z_shell_op_cond_next_line
 .text.z_shell_op_cursor_position_synchronize
                0x000000000800a5f6       0x4a zephyr/libzephyr.a(shell_ops.c.obj)
                0x000000000800a5f6                z_shell_op_cursor_position_synchronize
 .text.z_shell_op_cursor_move
                0x000000000800a640       0x50 zephyr/libzephyr.a(shell_ops.c.obj)
                0x000000000800a640                z_shell_op_cursor_move
 .text.z_shell_op_cursor_word_move
                0x000000000800a690       0x7c zephyr/libzephyr.a(shell_ops.c.obj)
                0x000000000800a690                z_shell_op_cursor_word_move
 .text.z_shell_op_cursor_home_move
                0x000000000800a70c        0xe zephyr/libzephyr.a(shell_ops.c.obj)
                0x000000000800a70c                z_shell_op_cursor_home_move
 .text.z_shell_op_cursor_end_move
                0x000000000800a71a       0x12 zephyr/libzephyr.a(shell_ops.c.obj)
                0x000000000800a71a                z_shell_op_cursor_end_move
 .text.z_shell_op_left_arrow
                0x000000000800a72c       0x12 zephyr/libzephyr.a(shell_ops.c.obj)
                0x000000000800a72c                z_shell_op_left_arrow
 .text.z_shell_op_right_arrow
                0x000000000800a73e       0x16 zephyr/libzephyr.a(shell_ops.c.obj)
                0x000000000800a73e                z_shell_op_right_arrow
 .text.z_shell_op_delete_from_cursor
                0x000000000800a754       0x1c zephyr/libzephyr.a(shell_ops.c.obj)
                0x000000000800a754                z_shell_op_delete_from_cursor
 .text.z_shell_cmd_line_erase
                0x000000000800a770       0x36 zephyr/libzephyr.a(shell_ops.c.obj)
                0x000000000800a770                z_shell_cmd_line_erase
 .text.z_shell_write
                0x000000000800a7a6       0x88 zephyr/libzephyr.a(shell_ops.c.obj)
                0x000000000800a7a6                z_shell_write
 .text.z_shell_print_stream
                0x000000000800a82e        0x4 zephyr/libzephyr.a(shell_ops.c.obj)
                0x000000000800a82e                z_shell_print_stream
 .text.z_shell_vfprintf
                0x000000000800a832       0x4a zephyr/libzephyr.a(shell_ops.c.obj)
                0x000000000800a832                z_shell_vfprintf
 .text.z_shell_fprintf
                0x000000000800a87c       0x1a zephyr/libzephyr.a(shell_ops.c.obj)
                0x000000000800a87c                z_shell_fprintf
 .text.data_insert
                0x000000000800a896       0x74 zephyr/libzephyr.a(shell_ops.c.obj)
 .text.z_shell_op_completion_insert
                0x000000000800a90a        0x4 zephyr/libzephyr.a(shell_ops.c.obj)
                0x000000000800a90a                z_shell_op_completion_insert
 .text.z_shell_op_char_delete
                0x000000000800a90e       0x3e zephyr/libzephyr.a(shell_ops.c.obj)
                0x000000000800a90e                z_shell_op_char_delete
 .text.z_shell_op_char_backspace
                0x000000000800a94c       0x26 zephyr/libzephyr.a(shell_ops.c.obj)
                0x000000000800a94c                z_shell_op_char_backspace
 .text.process_msg_from_buffer
                0x000000000800a972       0x34 zephyr/libzephyr.a(shell_log_backend.c.obj)
 .text.dropped  0x000000000800a9a6       0x38 zephyr/libzephyr.a(shell_log_backend.c.obj)
 .text.process  0x000000000800a9de      0x12a zephyr/libzephyr.a(shell_log_backend.c.obj)
 .text.z_shell_log_backend_output_func
                0x000000000800ab08       0x14 zephyr/libzephyr.a(shell_log_backend.c.obj)
                0x000000000800ab08                z_shell_log_backend_output_func
 .text.z_shell_log_backend_enable
                0x000000000800ab1c       0x2e zephyr/libzephyr.a(shell_log_backend.c.obj)
                0x000000000800ab1c                z_shell_log_backend_enable
 .text.z_shell_log_backend_disable
                0x000000000800ab4a       0x12 zephyr/libzephyr.a(shell_log_backend.c.obj)
                0x000000000800ab4a                z_shell_log_backend_disable
 .text.panic    0x000000000800ab5c       0x72 zephyr/libzephyr.a(shell_log_backend.c.obj)
 .text.z_shell_log_backend_process
                0x000000000800abce       0x66 zephyr/libzephyr.a(shell_log_backend.c.obj)
                0x000000000800abce                z_shell_log_backend_process
 .text.z_shell_raw_fprintf
                0x000000000800ac34       0x1a zephyr/libzephyr.a(shell_help.c.obj)
 .text.formatted_text_print.constprop.0
                0x000000000800ac4e       0xe2 zephyr/libzephyr.a(shell_help.c.obj)
 .text.cmd_comment
                0x000000000800ad30        0x4 zephyr/libzephyr.a(shell_cmds.c.obj)
 .text.cmd_shell_stats_reset
                0x000000000800ad34        0x8 zephyr/libzephyr.a(shell_cmds.c.obj)
 .text.z_shell_raw_fprintf
                0x000000000800ad3c       0x1a zephyr/libzephyr.a(shell_cmds.c.obj)
 .text.cmd_prompt_on
                0x000000000800ad56        0xc zephyr/libzephyr.a(shell_cmds.c.obj)
 .text.cmd_vt100_off
                0x000000000800ad62       0x22 zephyr/libzephyr.a(shell_cmds.c.obj)
 .text.cmd_bacskpace_mode_delete
                0x000000000800ad84       0x22 zephyr/libzephyr.a(shell_cmds.c.obj)
 .text.cmd_colors_off
                0x000000000800ada6       0x22 zephyr/libzephyr.a(shell_cmds.c.obj)
 .text.cmd_bacskpace_mode_backspace
                0x000000000800adc8       0x22 zephyr/libzephyr.a(shell_cmds.c.obj)
 .text.cmd_echo_off
                0x000000000800adea       0x22 zephyr/libzephyr.a(shell_cmds.c.obj)
 .text.cmd_colors_on
                0x000000000800ae0c       0x22 zephyr/libzephyr.a(shell_cmds.c.obj)
 .text.cmd_vt100_on
                0x000000000800ae2e       0x22 zephyr/libzephyr.a(shell_cmds.c.obj)
 .text.cmd_echo_on
                0x000000000800ae50       0x22 zephyr/libzephyr.a(shell_cmds.c.obj)
 .text.remove_from_tail.part.0
                0x000000000800ae72       0x24 zephyr/libzephyr.a(shell_history.c.obj)
 .text.z_shell_history_mode_exit
                0x000000000800ae96        0x6 zephyr/libzephyr.a(shell_history.c.obj)
                0x000000000800ae96                z_shell_history_mode_exit
 .text.z_shell_history_get
                0x000000000800ae9c       0x56 zephyr/libzephyr.a(shell_history.c.obj)
                0x000000000800ae9c                z_shell_history_get
 .text.z_shell_history_purge
                0x000000000800aef2       0x18 zephyr/libzephyr.a(shell_history.c.obj)
                0x000000000800aef2                z_shell_history_purge
 .text.z_shell_history_put
                0x000000000800af0a       0xd0 zephyr/libzephyr.a(shell_history.c.obj)
                0x000000000800af0a                z_shell_history_put
 .text.z_shell_history_init
                0x000000000800afda        0xc zephyr/libzephyr.a(shell_history.c.obj)
                0x000000000800afda                z_shell_history_init
 .text.z_shell_has_wildcard
                0x000000000800afe6       0x28 zephyr/libzephyr.a(shell_wildcard.c.obj)
                0x000000000800afe6                z_shell_has_wildcard
 .text.z_shell_wildcard_prepare
                0x000000000800b00e       0x42 zephyr/libzephyr.a(shell_wildcard.c.obj)
                0x000000000800b00e                z_shell_wildcard_prepare
 .text.z_shell_wildcard_finalize
                0x000000000800b050       0x20 zephyr/libzephyr.a(shell_wildcard.c.obj)
                0x000000000800b050                z_shell_wildcard_finalize
 .text.z_do_kernel_oops
                0x000000000800b070        0x8 zephyr/arch/arch/arm/core/libarch__arm__core.a(fatal.c.obj)
                0x000000000800b070                z_do_kernel_oops
 .text.z_log_msg_simple_create_0.constprop.0
                0x000000000800b078        0x8 zephyr/arch/arch/arm/core/cortex_m/libarch__arm__core__cortex_m.a(fault.c.obj)
 .text.z_irq_spurious
                0x000000000800b080        0x8 zephyr/arch/arch/arm/core/cortex_m/libarch__arm__core__cortex_m.a(irq_manage.c.obj)
                0x000000000800b080                z_irq_spurious
 .text.arch_irq_unlock_outlined
                0x000000000800b088        0xe zephyr/arch/arch/arm/core/cortex_m/libarch__arm__core__cortex_m.a(thread.c.obj)
                0x000000000800b088                arch_irq_unlock_outlined
 .text.arch_cpu_idle
                0x000000000800b096       0x1a zephyr/arch/arch/arm/core/cortex_m/libarch__arm__core__cortex_m.a(cpu_idle.c.obj)
                0x000000000800b096                arch_cpu_idle
 .text.size_to_mpu_rasr_size
                0x000000000800b0b0       0x20 zephyr/arch/arch/arm/core/mpu/libarch__arm__core__mpu.a(arm_mpu.c.obj)
 .text.cbputc   0x000000000800b0d0        0xc zephyr/lib/libc/picolibc/liblib__libc__picolibc.a(libc-hooks.c.obj)
 .text.picolibc_put
                0x000000000800b0dc        0xa zephyr/lib/libc/picolibc/liblib__libc__picolibc.a(libc-hooks.c.obj)
 .text.foldcase
                0x000000000800b0e6       0x10 zephyr/lib/posix/options/liblib__posix__options.a(fnmatch.c.obj)
 .text.fnmatchx
                0x000000000800b0f6      0x23a zephyr/lib/posix/options/liblib__posix__options.a(fnmatch.c.obj)
 .text.fnmatch  0x000000000800b330        0x6 zephyr/lib/posix/options/liblib__posix__options.a(fnmatch.c.obj)
                0x000000000800b330                fnmatch
 .text.stm32_exti_init
                0x000000000800b336       0x92 zephyr/drivers/interrupt_controller/libdrivers__interrupt_controller.a(intc_exti_stm32.c.obj)
 .text.can_tx_default_cb
                0x000000000800b3c8        0x8 zephyr/drivers/can/libdrivers__can.a(can_common.c.obj)
 .text.can_msgq_put
                0x000000000800b3d0       0x20 zephyr/drivers/can/libdrivers__can.a(can_common.c.obj)
 .text.z_impl_can_set_timing
                0x000000000800b3f0       0x6c zephyr/drivers/can/libdrivers__can.a(can_common.c.obj)
                0x000000000800b3f0                z_impl_can_set_timing
 .text.can_stm32_signal_tx_complete
                0x000000000800b45c       0x14 zephyr/drivers/can/libdrivers__can.a(can_stm32_bxcan.c.obj)
 .text.can_stm32_get_state
                0x000000000800b470       0x42 zephyr/drivers/can/libdrivers__can.a(can_stm32_bxcan.c.obj)
 .text.can_stm32_get_capabilities
                0x000000000800b4b2        0x8 zephyr/drivers/can/libdrivers__can.a(can_stm32_bxcan.c.obj)
 .text.can_stm32_get_max_filters
                0x000000000800b4ba        0xa zephyr/drivers/can/libdrivers__can.a(can_stm32_bxcan.c.obj)
 .text.can_stm32_set_state_change_callback
                0x000000000800b4c4       0x1e zephyr/drivers/can/libdrivers__can.a(can_stm32_bxcan.c.obj)
 .text.z_log_msg_simple_create_0
                0x000000000800b4e2        0x4 zephyr/drivers/can/libdrivers__can.a(can_stm32_bxcan.c.obj)
 .text.config_can_0_irq
                0x000000000800b4e6       0x42 zephyr/drivers/can/libdrivers__can.a(can_stm32_bxcan.c.obj)
 .text.can_stm32_tx_isr_handler
                0x000000000800b528      0x104 zephyr/drivers/can/libdrivers__can.a(can_stm32_bxcan.c.obj)
 .text.can_stm32_tx_isr
                0x000000000800b62c        0x4 zephyr/drivers/can/libdrivers__can.a(can_stm32_bxcan.c.obj)
 .text.can_stm32_state_change_isr
                0x000000000800b630       0x4e zephyr/drivers/can/libdrivers__can.a(can_stm32_bxcan.c.obj)
 .text.k_mutex_lock.constprop.0.isra.0
                0x000000000800b67e        0x4 zephyr/drivers/can/libdrivers__can.a(can_stm32_bxcan.c.obj)
 .text.k_mutex_unlock.isra.0
                0x000000000800b682        0x4 zephyr/drivers/can/libdrivers__can.a(can_stm32_bxcan.c.obj)
 .text.enabled_clock
                0x000000000800b686       0x1e zephyr/drivers/clock_control/libdrivers__clock_control.a(clock_stm32_ll_common.c.obj)
 .text.stm32_clock_control_on
                0x000000000800b6a4       0x38 zephyr/drivers/clock_control/libdrivers__clock_control.a(clock_stm32_ll_common.c.obj)
 .text.stm32_clock_control_off
                0x000000000800b6dc       0x26 zephyr/drivers/clock_control/libdrivers__clock_control.a(clock_stm32_ll_common.c.obj)
 .text.stm32_clock_control_configure
                0x000000000800b702       0x50 zephyr/drivers/clock_control/libdrivers__clock_control.a(clock_stm32_ll_common.c.obj)
 .text.stm32_clock_control_get_status
                0x000000000800b752       0x30 zephyr/drivers/clock_control/libdrivers__clock_control.a(clock_stm32_ll_common.c.obj)
 .text.config_regulator_voltage
                0x000000000800b782        0x2 zephyr/drivers/clock_control/libdrivers__clock_control.a(clock_stm32_ll_common.c.obj)
                0x000000000800b782                config_regulator_voltage
 .text.gpio_stm32_port_get_raw
                0x000000000800b784        0xc zephyr/drivers/gpio/libdrivers__gpio.a(gpio_stm32.c.obj)
 .text.gpio_stm32_port_set_masked_raw
                0x000000000800b790       0x12 zephyr/drivers/gpio/libdrivers__gpio.a(gpio_stm32.c.obj)
 .text.gpio_stm32_port_set_bits_raw
                0x000000000800b7a2        0xa zephyr/drivers/gpio/libdrivers__gpio.a(gpio_stm32.c.obj)
 .text.gpio_stm32_port_clear_bits_raw
                0x000000000800b7ac        0xc zephyr/drivers/gpio/libdrivers__gpio.a(gpio_stm32.c.obj)
 .text.gpio_stm32_port_toggle_bits
                0x000000000800b7b8        0xe zephyr/drivers/gpio/libdrivers__gpio.a(gpio_stm32.c.obj)
 .text.gpio_stm32_manage_callback
                0x000000000800b7c6       0x52 zephyr/drivers/gpio/libdrivers__gpio.a(gpio_stm32.c.obj)
 .text.gpio_stm32_configure_raw.isra.0
                0x000000000800b818      0x114 zephyr/drivers/gpio/libdrivers__gpio.a(gpio_stm32.c.obj)
 .text.gpio_stm32_config
                0x000000000800b92c       0x78 zephyr/drivers/gpio/libdrivers__gpio.a(gpio_stm32.c.obj)
 .text.gpio_stm32_isr
                0x000000000800b9a4       0x2e zephyr/drivers/gpio/libdrivers__gpio.a(gpio_stm32.c.obj)
 .text.gpio_stm32_configure
                0x000000000800b9d2       0x30 zephyr/drivers/gpio/libdrivers__gpio.a(gpio_stm32.c.obj)
                0x000000000800b9d2                gpio_stm32_configure
 .text.pinctrl_lookup_state
                0x000000000800ba02       0x26 zephyr/drivers/pinctrl/libdrivers__pinctrl.a(common.c.obj)
                0x000000000800ba02                pinctrl_lookup_state
 .text.reset_stm32_status
                0x000000000800ba28       0x22 zephyr/drivers/reset/libdrivers__reset.a(reset_stm32.c.obj)
 .text.reset_stm32_line_assert
                0x000000000800ba4a       0x1c zephyr/drivers/reset/libdrivers__reset.a(reset_stm32.c.obj)
 .text.reset_stm32_line_deassert
                0x000000000800ba66       0x1e zephyr/drivers/reset/libdrivers__reset.a(reset_stm32.c.obj)
 .text.reset_stm32_line_toggle
                0x000000000800ba84       0x16 zephyr/drivers/reset/libdrivers__reset.a(reset_stm32.c.obj)
 .text.uart_stm32_ll2cfg_databits
                0x000000000800ba9a       0x2a zephyr/drivers/serial/libdrivers__serial.a(uart_stm32.c.obj)
 .text.uart_stm32_err_check
                0x000000000800bac4       0x5a zephyr/drivers/serial/libdrivers__serial.a(uart_stm32.c.obj)
 .text.uart_stm32_irq_tx_enable
                0x000000000800bb1e       0x16 zephyr/drivers/serial/libdrivers__serial.a(uart_stm32.c.obj)
 .text.uart_stm32_irq_tx_disable
                0x000000000800bb34       0x16 zephyr/drivers/serial/libdrivers__serial.a(uart_stm32.c.obj)
 .text.uart_stm32_irq_rx_enable
                0x000000000800bb4a       0x16 zephyr/drivers/serial/libdrivers__serial.a(uart_stm32.c.obj)
 .text.uart_stm32_irq_rx_disable
                0x000000000800bb60       0x16 zephyr/drivers/serial/libdrivers__serial.a(uart_stm32.c.obj)
 .text.uart_stm32_irq_rx_ready
                0x000000000800bb76        0xc zephyr/drivers/serial/libdrivers__serial.a(uart_stm32.c.obj)
 .text.uart_stm32_irq_update
                0x000000000800bb82        0x4 zephyr/drivers/serial/libdrivers__serial.a(uart_stm32.c.obj)
 .text.uart_stm32_irq_callback_set
                0x000000000800bb86        0x8 zephyr/drivers/serial/libdrivers__serial.a(uart_stm32.c.obj)
 .text.uart_stm32_isr
                0x000000000800bb8e        0xc zephyr/drivers/serial/libdrivers__serial.a(uart_stm32.c.obj)
 .text.uart_stm32_irq_config_func_0
                0x000000000800bb9a       0x16 zephyr/drivers/serial/libdrivers__serial.a(uart_stm32.c.obj)
 .text.uart_stm32_irq_config_func_1
                0x000000000800bbb0       0x16 zephyr/drivers/serial/libdrivers__serial.a(uart_stm32.c.obj)
 .text.uart_stm32_irq_tx_complete
                0x000000000800bbc6        0xc zephyr/drivers/serial/libdrivers__serial.a(uart_stm32.c.obj)
 .text.uart_stm32_irq_tx_ready
                0x000000000800bbd2       0x14 zephyr/drivers/serial/libdrivers__serial.a(uart_stm32.c.obj)
 .text.uart_stm32_config_get
                0x000000000800bbe6       0x92 zephyr/drivers/serial/libdrivers__serial.a(uart_stm32.c.obj)
 .text.uart_stm32_set_baudrate
                0x000000000800bc78       0x3c zephyr/drivers/serial/libdrivers__serial.a(uart_stm32.c.obj)
 .text.uart_stm32_fifo_fill
                0x000000000800bcb4       0x5a zephyr/drivers/serial/libdrivers__serial.a(uart_stm32.c.obj)
 .text.uart_stm32_poll_out
                0x000000000800bd0e       0x36 zephyr/drivers/serial/libdrivers__serial.a(uart_stm32.c.obj)
 .text.uart_stm32_irq_is_pending
                0x000000000800bd44       0x24 zephyr/drivers/serial/libdrivers__serial.a(uart_stm32.c.obj)
 .text.uart_stm32_fifo_read
                0x000000000800bd68       0x44 zephyr/drivers/serial/libdrivers__serial.a(uart_stm32.c.obj)
 .text.uart_stm32_poll_in
                0x000000000800bdac       0x22 zephyr/drivers/serial/libdrivers__serial.a(uart_stm32.c.obj)
 .text.sys_clock_disable
                0x000000000800bdce        0xe zephyr/drivers/timer/libdrivers__timer.a(cortex_m_systick.c.obj)
                0x000000000800bdce                sys_clock_disable
 .text.z_impl_k_busy_wait
                0x000000000800bddc       0x1c zephyr/kernel/libkernel.a(busy_wait.c.obj)
                0x000000000800bddc                z_impl_k_busy_wait
 .text.z_device_state_init
                0x000000000800bdf8        0x2 zephyr/kernel/libkernel.a(device.c.obj)
                0x000000000800bdf8                z_device_state_init
 .text.z_impl_device_is_ready
                0x000000000800bdfa       0x16 zephyr/kernel/libkernel.a(device.c.obj)
                0x000000000800bdfa                z_impl_device_is_ready
 .text.arch_system_halt
                0x000000000800be10       0x10 zephyr/kernel/libkernel.a(fatal.c.obj)
                0x000000000800be10                arch_system_halt
 .text.do_device_init
                0x000000000800be20       0x30 zephyr/kernel/libkernel.a(init.c.obj)
 .text.z_early_memset
                0x000000000800be50        0x4 zephyr/kernel/libkernel.a(init.c.obj)
                0x000000000800be50                z_early_memset
 .text.z_early_memcpy
                0x000000000800be54        0x4 zephyr/kernel/libkernel.a(init.c.obj)
                0x000000000800be54                z_early_memcpy
 .text.z_init_static
                0x000000000800be58        0x2 zephyr/kernel/libkernel.a(init_static.c.obj)
                0x000000000800be58                z_init_static
 .text.idle     0x000000000800be5a       0x16 zephyr/kernel/libkernel.a(idle.c.obj)
                0x000000000800be5a                idle
 .text.adjust_owner_prio.isra.0
                0x000000000800be70       0x10 zephyr/kernel/libkernel.a(mutex.c.obj)
 .text.z_impl_k_mutex_init
                0x000000000800be80        0xe zephyr/kernel/libkernel.a(mutex.c.obj)
                0x000000000800be80                z_impl_k_mutex_init
 .text.z_impl_k_sem_init
                0x000000000800be8e       0x20 zephyr/kernel/libkernel.a(sem.c.obj)
                0x000000000800be8e                z_impl_k_sem_init
 .text.k_is_in_isr
                0x000000000800beae        0xc zephyr/kernel/libkernel.a(thread.c.obj)
                0x000000000800beae                k_is_in_isr
 .text.k_thread_name_get
                0x000000000800beba        0x4 zephyr/kernel/libkernel.a(thread.c.obj)
                0x000000000800beba                k_thread_name_get
 .text.z_impl_k_thread_start
                0x000000000800bebe        0x4 zephyr/kernel/libkernel.a(thread.c.obj)
                0x000000000800bebe                z_impl_k_thread_start
 .text.z_stack_space_get
                0x000000000800bec2       0x18 zephyr/kernel/libkernel.a(thread.c.obj)
                0x000000000800bec2                z_stack_space_get
 .text.z_impl_k_thread_stack_space_get
                0x000000000800beda        0xa zephyr/kernel/libkernel.a(thread.c.obj)
                0x000000000800beda                z_impl_k_thread_stack_space_get
 .text.z_thread_mark_switched_out
                0x000000000800bee4        0x4 zephyr/kernel/libkernel.a(thread.c.obj)
                0x000000000800bee4                z_thread_mark_switched_out
 .text.k_thread_runtime_stats_get
                0x000000000800bee8       0x14 zephyr/kernel/libkernel.a(thread.c.obj)
                0x000000000800bee8                k_thread_runtime_stats_get
 .text.k_thread_runtime_stats_all_get
                0x000000000800befc       0x5a zephyr/kernel/libkernel.a(thread.c.obj)
                0x000000000800befc                k_thread_runtime_stats_all_get
 .text.sys_dlist_remove
                0x000000000800bf56       0x10 zephyr/kernel/libkernel.a(sched.c.obj)
 .text.unpend_thread_no_timeout
                0x000000000800bf66       0x14 zephyr/kernel/libkernel.a(sched.c.obj)
 .text.add_to_waitq_locked
                0x000000000800bf7a       0x50 zephyr/kernel/libkernel.a(sched.c.obj)
 .text.z_sched_prio_cmp
                0x000000000800bfca       0x12 zephyr/kernel/libkernel.a(sched.c.obj)
                0x000000000800bfca                z_sched_prio_cmp
 .text.z_ready_thread
                0x000000000800bfdc       0x1e zephyr/kernel/libkernel.a(sched.c.obj)
                0x000000000800bfdc                z_ready_thread
 .text.z_impl_k_thread_suspend
                0x000000000800bffa       0x32 zephyr/kernel/libkernel.a(sched.c.obj)
                0x000000000800bffa                z_impl_k_thread_suspend
 .text.z_unpend_thread_no_timeout
                0x000000000800c02c       0x22 zephyr/kernel/libkernel.a(sched.c.obj)
                0x000000000800c02c                z_unpend_thread_no_timeout
 .text.z_sched_wake_thread
                0x000000000800c04e       0x42 zephyr/kernel/libkernel.a(sched.c.obj)
                0x000000000800c04e                z_sched_wake_thread
 .text.z_thread_timeout
                0x000000000800c090        0x8 zephyr/kernel/libkernel.a(sched.c.obj)
                0x000000000800c090                z_thread_timeout
 .text.z_unpend1_no_timeout
                0x000000000800c098       0x2c zephyr/kernel/libkernel.a(sched.c.obj)
                0x000000000800c098                z_unpend1_no_timeout
 .text.z_unpend_first_thread
                0x000000000800c0c4       0x36 zephyr/kernel/libkernel.a(sched.c.obj)
                0x000000000800c0c4                z_unpend_first_thread
 .text.z_unpend_thread
                0x000000000800c0fa       0x2e zephyr/kernel/libkernel.a(sched.c.obj)
                0x000000000800c0fa                z_unpend_thread
 .text.z_thread_abort
                0x000000000800c128       0x44 zephyr/kernel/libkernel.a(sched.c.obj)
                0x000000000800c128                z_thread_abort
 .text.z_sched_wake
                0x000000000800c16c       0x46 zephyr/kernel/libkernel.a(sched.c.obj)
                0x000000000800c16c                z_sched_wake
 .text.z_abort_timeout
                0x000000000800c1b2       0x2a zephyr/kernel/libkernel.a(timeout.c.obj)
                0x000000000800c1b2                z_abort_timeout
 .text.sys_clock_tick_get_32
                0x000000000800c1dc        0x8 zephyr/kernel/libkernel.a(timeout.c.obj)
                0x000000000800c1dc                sys_clock_tick_get_32
 .text.z_impl_k_uptime_ticks
                0x000000000800c1e4        0x4 zephyr/kernel/libkernel.a(timeout.c.obj)
                0x000000000800c1e4                z_impl_k_uptime_ticks
 .text.k_timer_init
                0x000000000800c1e8       0x18 zephyr/kernel/libkernel.a(timer.c.obj)
                0x000000000800c1e8                k_timer_init
 .text.z_impl_k_timer_stop
                0x000000000800c200       0x38 zephyr/kernel/libkernel.a(timer.c.obj)
                0x000000000800c200                z_impl_k_timer_stop
 .text.clear_event_registrations
                0x000000000800c238       0x5c zephyr/kernel/libkernel.a(poll.c.obj)
 .text.add_event
                0x000000000800c294       0x62 zephyr/kernel/libkernel.a(poll.c.obj)
 .text.register_events
                0x000000000800c2f6       0xf0 zephyr/kernel/libkernel.a(poll.c.obj)
 .text.signal_poll_event
                0x000000000800c3e6       0x8c zephyr/kernel/libkernel.a(poll.c.obj)
 .text.k_poll_event_init
                0x000000000800c472       0x1e zephyr/kernel/libkernel.a(poll.c.obj)
                0x000000000800c472                k_poll_event_init
 .text.z_handle_obj_poll_events
                0x000000000800c490       0x34 zephyr/kernel/libkernel.a(poll.c.obj)
                0x000000000800c490                z_handle_obj_poll_events
 .text.z_impl_k_poll_signal_init
                0x000000000800c4c4        0xa zephyr/kernel/libkernel.a(poll.c.obj)
                0x000000000800c4c4                z_impl_k_poll_signal_init
 .text.z_impl_k_poll_signal_reset
                0x000000000800c4ce        0x6 zephyr/kernel/libkernel.a(poll.c.obj)
                0x000000000800c4ce                z_impl_k_poll_signal_reset
 .text.z_impl_k_poll_signal_check
                0x000000000800c4d4        0xa zephyr/kernel/libkernel.a(poll.c.obj)
                0x000000000800c4d4                z_impl_k_poll_signal_check
 .text.sched_cpu_update_usage
                0x000000000800c4de       0x20 zephyr/kernel/libkernel.a(usage.c.obj)
 .text.k_heap_init
                0x000000000800c4fe       0x10 zephyr/kernel/libkernel.a(kheap.c.obj)
                0x000000000800c4fe                k_heap_init
 .text.flag_test_and_clear
                0x000000000800c50e       0x16 zephyr/kernel/libkernel.a(work.c.obj)
 .text.notify_queue_locked.isra.0
                0x000000000800c524        0xe zephyr/kernel/libkernel.a(work.c.obj)
 .text.z_work_submit_to_queue
                0x000000000800c532       0x26 zephyr/kernel/libkernel.a(work.c.obj)
                0x000000000800c532                z_work_submit_to_queue
 .text.atoi     0x000000000800c558        0x8 d:\zephyr-sdk-0.16.8\arm-zephyr-eabi\bin\../lib/gcc/../../picolibc/arm-zephyr-eabi/lib/thumb/v7e-m/nofp\libc.a(libc_stdlib_atoi.c.o)
                0x000000000800c558                atoi
 .text.memcmp   0x000000000800c560       0x20 d:\zephyr-sdk-0.16.8\arm-zephyr-eabi\bin\../lib/gcc/../../picolibc/arm-zephyr-eabi/lib/thumb/v7e-m/nofp\libc.a(libc_string_memcmp.c.o)
                0x000000000800c560                memcmp
 .text.strchr   0x000000000800c580       0x1a d:\zephyr-sdk-0.16.8\arm-zephyr-eabi\bin\../lib/gcc/../../picolibc/arm-zephyr-eabi/lib/thumb/v7e-m/nofp\libc.a(libc_string_strchr.c.o)
                0x000000000800c580                strchr
 .text.strncmp  0x000000000800c59a       0x24 d:\zephyr-sdk-0.16.8\arm-zephyr-eabi\bin\../lib/gcc/../../picolibc/arm-zephyr-eabi/lib/thumb/v7e-m/nofp\libc.a(libc_string_strncmp.c.o)
                0x000000000800c59a                strncmp
 .text.strncpy  0x000000000800c5be       0x20 d:\zephyr-sdk-0.16.8\arm-zephyr-eabi\bin\../lib/gcc/../../picolibc/arm-zephyr-eabi/lib/thumb/v7e-m/nofp\libc.a(libc_string_strncpy.c.o)
                0x000000000800c5be                strncpy